/home/user/Documents/apc-update/library/repos/cfr/src/org/benf/cfr/reader/bytecode/opcode/OperationFactorySwap.java
/home/user/Documents/apc-update/library/repos/cfr/src/org/benf/cfr/reader/bytecode/analysis/stack/StackSim.java
/home/user/Documents/apc-update/library/repos/cfr/src/org/benf/cfr/reader/util/getopt/OptionDecoderParam.java
/home/user/Documents/apc-update/library/repos/cfr/src/org/benf/cfr/reader/util/bytestream/ByteData.java
/home/user/Documents/apc-update/library/repos/cfr/src/org/benf/cfr/reader/entities/constantpool/ConstantPoolEntryInteger.java
/home/user/Documents/apc-update/library/repos/cfr/src/org/benf/cfr/reader/bytecode/analysis/types/JavaIntersectionTypeInstance.java
/home/user/Documents/apc-update/library/repos/cfr/src/org/benf/cfr/reader/bytecode/analysis/opgraph/op4rewriters/InnerClassConstructorRewriter.java
/home/user/Documents/apc-update/library/repos/cfr/src/org/benf/cfr/reader/bytecode/analysis/opgraph/op3rewriters/BadNarrowingArgRewriter.java
/home/user/Documents/apc-update/library/repos/cfr/src/org/benf/cfr/reader/bytecode/analysis/opgraph/op4rewriters/ExpressionWildcardReplacingRewriter.java
/home/user/Documents/apc-update/library/repos/cfr/src/org/benf/cfr/reader/bytecode/analysis/parse/expression/ArrayIndex.java
/home/user/Documents/apc-update/library/repos/cfr/src/org/benf/cfr/reader/entities/exceptions/IntervalCount.java
/home/user/Documents/apc-update/library/repos/cfr/src/org/benf/cfr/reader/entities/attributes/TypePathPartParameterized.java
/home/user/Documents/apc-update/library/repos/cfr/src/org/benf/cfr/reader/bytecode/analysis/parse/utils/ArrayType.java
/home/user/Documents/apc-update/library/repos/cfr/src/org/benf/cfr/reader/entities/constantpool/ConstantPoolEntryLong.java
/home/user/Documents/apc-update/library/repos/cfr/src/org/benf/cfr/reader/entities/AccessFlagMethod.java
/home/user/Documents/apc-update/library/repos/cfr/src/org/benf/cfr/reader/bytecode/analysis/opgraph/op4rewriters/SwitchStringRewriter.java
/home/user/Documents/apc-update/library/repos/cfr/src/org/benf/cfr/reader/util/output/DumpableWithPrecedence.java
/home/user/Documents/apc-update/library/repos/cfr/src/org/benf/cfr/reader/bytecode/analysis/variables/NamedVariableFromHint.java
/home/user/Documents/apc-update/library/repos/cfr/src/org/benf/cfr/reader/bytecode/analysis/parse/utils/EquivalenceConstraint.java
/home/user/Documents/apc-update/library/repos/cfr/src/org/benf/cfr/reader/bytecode/analysis/opgraph/op3rewriters/JumpsIntoLoopCloneRewriter.java
/home/user/Documents/apc-update/library/repos/cfr/src/org/benf/cfr/reader/state/TypeUsageUtils.java
/home/user/Documents/apc-update/library/repos/cfr/src/org/benf/cfr/reader/util/output/SummaryDumper.java
/home/user/Documents/apc-update/library/repos/cfr/src/org/benf/cfr/reader/bytecode/analysis/opgraph/op4rewriters/matchutil/ResetAfterTest.java
/home/user/Documents/apc-update/library/repos/cfr/src/org/benf/cfr/reader/bytecode/analysis/loc/BytecodeLocFactoryImpl.java
/home/user/Documents/apc-update/library/repos/cfr/src/org/benf/cfr/reader/bytecode/analysis/types/TypeAnnotationHelper.java
/home/user/Documents/apc-update/library/repos/cfr/src/org/benf/cfr/reader/bytecode/analysis/opgraph/op4rewriters/transformers/LambdaCleaner.java
/home/user/Documents/apc-update/library/repos/cfr/src/org/benf/cfr/reader/bytecode/analysis/opgraph/op4rewriters/matchutil/DeadMethodRemover.java
/home/user/Documents/apc-update/library/repos/cfr/src/org/benf/cfr/reader/bytecode/analysis/parse/rewriters/ExpressionRewriterFlags.java
/home/user/Documents/apc-update/library/repos/cfr/src/org/benf/cfr/reader/entities/attributes/AttributeModule.java
/home/user/Documents/apc-update/library/repos/cfr/src/org/benf/cfr/reader/util/output/StringStreamDumper.java
/home/user/Documents/apc-update/library/repos/cfr/src/org/benf/cfr/reader/bytecode/AnalysisResult.java
/home/user/Documents/apc-update/library/repos/cfr/src/org/benf/cfr/reader/entities/attributes/TypeAnnotationTargetInfo.java
/home/user/Documents/apc-update/library/repos/cfr/src/org/benf/cfr/reader/bytecode/analysis/parse/statement/AbstractStatement.java
/home/user/Documents/apc-update/library/repos/cfr/src/org/benf/cfr/reader/bytecode/analysis/parse/expression/ArithOp.java
/home/user/Documents/apc-update/library/repos/cfr/src/org/benf/cfr/reader/bytecode/analysis/parse/statement/MonitorStatement.java
/home/user/Documents/apc-update/library/repos/cfr/src/org/benf/cfr/reader/bytecode/analysis/parse/utils/finalhelp/Result.java
/home/user/Documents/apc-update/library/repos/cfr/src/org/benf/cfr/reader/bytecode/analysis/opgraph/op4rewriters/checker/VoidVariableChecker.java
/home/user/Documents/apc-update/library/repos/cfr/src/org/benf/cfr/reader/PluginRunner.java
/home/user/Documents/apc-update/library/repos/cfr/src/org/benf/cfr/reader/util/getopt/PermittedOptionProvider.java
/home/user/Documents/apc-update/library/repos/cfr/src/org/benf/cfr/reader/entities/attributes/Attribute.java
/home/user/Documents/apc-update/library/repos/cfr/src/org/benf/cfr/reader/bytecode/opcode/OperationFactoryGoto.java
/home/user/Documents/apc-update/library/repos/cfr/src/org/benf/cfr/reader/api/SinkReturns.java
/home/user/Documents/apc-update/library/repos/cfr/src/org/benf/cfr/reader/bytecode/analysis/opgraph/op3rewriters/IsolatedStackValue.java
/home/user/Documents/apc-update/library/repos/cfr/src/org/benf/cfr/reader/bytecode/analysis/opgraph/op3rewriters/TryRewriter.java
/home/user/Documents/apc-update/library/repos/cfr/src/org/benf/cfr/reader/util/output/MovableDumperContext.java
/home/user/Documents/apc-update/library/repos/cfr/src/org/benf/cfr/reader/bytecode/analysis/parse/expression/StaticFunctionInvokation.java
/home/user/Documents/apc-update/library/repos/cfr/src/org/benf/cfr/reader/util/functors/BinaryPredicate.java
/home/user/Documents/apc-update/library/repos/cfr/src/org/benf/cfr/reader/bytecode/BytecodeMeta.java
/home/user/Documents/apc-update/library/repos/cfr/src/org/benf/cfr/reader/bytecode/analysis/parse/utils/LValueAssignmentAndAliasCondenser.java
/home/user/Documents/apc-update/library/repos/cfr/src/org/benf/cfr/reader/bytecode/analysis/opgraph/op4rewriters/matchutil/MatchOneOf.java
/home/user/Documents/apc-update/library/repos/cfr/src/org/benf/cfr/reader/entities/ClassFile.java
/home/user/Documents/apc-update/library/repos/cfr/src/org/benf/cfr/reader/bytecode/analysis/opgraph/op4rewriters/transformers/InvalidExpressionStatementCleaner.java
/home/user/Documents/apc-update/library/repos/cfr/src/org/benf/cfr/reader/bytecode/analysis/types/JavaArrayTypeInstance.java
/home/user/Documents/apc-update/library/repos/cfr/src/org/benf/cfr/reader/bytecode/analysis/parse/expression/NewPrimitiveArray.java
/home/user/Documents/apc-update/library/repos/cfr/src/org/benf/cfr/reader/bytecode/analysis/parse/statement/DoStatement.java
/home/user/Documents/apc-update/library/repos/cfr/src/org/benf/cfr/reader/bytecode/analysis/opgraph/op4rewriters/transformers/InfiniteAssertRewriter.java
/home/user/Documents/apc-update/library/repos/cfr/src/org/benf/cfr/reader/bytecode/analysis/parse/utils/JumpType.java
/home/user/Documents/apc-update/library/repos/cfr/src/org/benf/cfr/reader/util/UnverifiableJumpException.java
/home/user/Documents/apc-update/library/repos/cfr/src/org/benf/cfr/reader/bytecode/analysis/loc/BytecodeLocSimple.java
/home/user/Documents/apc-update/library/repos/cfr/src/org/benf/cfr/reader/bytecode/analysis/parse/expression/MemberFunctionInvokation.java
/home/user/Documents/apc-update/library/repos/cfr/src/org/benf/cfr/reader/bytecode/analysis/parse/expression/AbstractMemberFunctionInvokation.java
/home/user/Documents/apc-update/library/repos/cfr/src/org/benf/cfr/reader/bytecode/analysis/opgraph/op3rewriters/IterLoopRewriter.java
/home/user/Documents/apc-update/library/repos/cfr/src/org/benf/cfr/reader/bytecode/analysis/structured/statement/UnstructuredAnonymousBreak.java
/home/user/Documents/apc-update/library/repos/cfr/src/org/benf/cfr/reader/mapping/ClassMapping.java
/home/user/Documents/apc-update/library/repos/cfr/src/org/benf/cfr/reader/bytecode/analysis/types/JavaRefTypeInstance.java
/home/user/Documents/apc-update/library/repos/cfr/src/org/benf/cfr/reader/bytecode/analysis/parse/expression/NotOperation.java
/home/user/Documents/apc-update/library/repos/cfr/src/org/benf/cfr/reader/bytecode/analysis/structured/statement/StructuredTry.java
/home/user/Documents/apc-update/library/repos/cfr/src/org/benf/cfr/reader/util/ConfusedCFRException.java
/home/user/Documents/apc-update/library/repos/cfr/src/org/benf/cfr/reader/bytecode/AnalysisResultFromException.java
/home/user/Documents/apc-update/library/repos/cfr/src/org/benf/cfr/reader/util/DecompilerComments.java
/home/user/Documents/apc-update/library/repos/cfr/src/org/benf/cfr/reader/bytecode/analysis/types/JavaAnnotatedTypeIterator.java
/home/user/Documents/apc-update/library/repos/cfr/src/org/benf/cfr/reader/bytecode/analysis/opgraph/op4rewriters/matchutil/MatchResultCollector.java
/home/user/Documents/apc-update/library/repos/cfr/src/org/benf/cfr/reader/bytecode/analysis/opgraph/op3rewriters/AssertionJumps.java
/home/user/Documents/apc-update/library/repos/cfr/src/org/benf/cfr/reader/state/ObfuscationRewriter.java
/home/user/Documents/apc-update/library/repos/cfr/src/org/benf/cfr/reader/bytecode/analysis/stack/StackEntry.java
/home/user/Documents/apc-update/library/repos/cfr/src/org/benf/cfr/reader/util/output/LoggerFactory.java
/home/user/Documents/apc-update/library/repos/cfr/src/org/benf/cfr/reader/entities/attributes/AttributeScalaSig.java
/home/user/Documents/apc-update/library/repos/cfr/src/org/benf/cfr/reader/entities/classfilehelpers/ClassFileDumperModule.java
/home/user/Documents/apc-update/library/repos/cfr/src/org/benf/cfr/reader/bytecode/analysis/parse/expression/NewObject.java
/home/user/Documents/apc-update/library/repos/cfr/src/org/benf/cfr/reader/bytecode/analysis/variables/VariableNamerHinted.java
/home/user/Documents/apc-update/library/repos/cfr/src/org/benf/cfr/reader/bytecode/analysis/structured/statement/UnstructuredSwitch.java
/home/user/Documents/apc-update/library/repos/cfr/src/org/benf/cfr/reader/util/MiscUtils.java
/home/user/Documents/apc-update/library/repos/cfr/src/org/benf/cfr/reader/entities/exceptions/ExceptionCheckImpl.java
/home/user/Documents/apc-update/library/repos/cfr/src/org/benf/cfr/reader/bytecode/analysis/opgraph/op3rewriters/SynchronizedRewriter.java
/home/user/Documents/apc-update/library/repos/cfr/src/org/benf/cfr/reader/bytecode/analysis/opgraph/Graph.java
/home/user/Documents/apc-update/library/repos/cfr/src/org/benf/cfr/reader/bytecode/analysis/parse/expression/MemberFunctionInvokationExplicit.java
/home/user/Documents/apc-update/library/repos/cfr/src/org/benf/cfr/reader/util/getopt/GetOptParser.java
/home/user/Documents/apc-update/library/repos/cfr/src/org/benf/cfr/reader/entities/attributes/TypeAnnotationEntryValue.java
/home/user/Documents/apc-update/library/repos/cfr/src/org/benf/cfr/reader/util/collections/MapFactory.java
/home/user/Documents/apc-update/library/repos/cfr/src/org/benf/cfr/reader/bytecode/analysis/opgraph/op4rewriters/matchutil/Matcher.java
/home/user/Documents/apc-update/library/repos/cfr/src/org/benf/cfr/reader/bytecode/analysis/opgraph/op4rewriters/ResourceReleaseDetector.java
/home/user/Documents/apc-update/library/repos/cfr/src/org/benf/cfr/reader/util/DecompilerCommentSource.java
/home/user/Documents/apc-update/library/repos/cfr/src/org/benf/cfr/reader/api/ClassFileSource.java
/home/user/Documents/apc-update/library/repos/cfr/src/org/benf/cfr/reader/bytecode/analysis/opgraph/op4rewriters/SwitchEnumRewriter.java
/home/user/Documents/apc-update/library/repos/cfr/src/org/benf/cfr/reader/bytecode/analysis/opgraph/op4rewriters/AnonymousClassConstructorRewriter.java
/home/user/Documents/apc-update/library/repos/cfr/src/org/benf/cfr/reader/util/bytestream/BaseByteData.java
/home/user/Documents/apc-update/library/repos/cfr/src/org/benf/cfr/reader/bytecode/AnalysisResultSuccessful.java
/home/user/Documents/apc-update/library/repos/cfr/src/org/benf/cfr/reader/util/functors/UnaryProcedure.java
/home/user/Documents/apc-update/library/repos/cfr/src/org/benf/cfr/reader/entities/attributes/AttributeModuleClassMain.java
/home/user/Documents/apc-update/library/repos/cfr/src/org/benf/cfr/reader/bytecode/opcode/OperationFactoryLDC2W.java
/home/user/Documents/apc-update/library/repos/cfr/src/org/benf/cfr/reader/bytecode/analysis/parse/rewriters/XorRewriter.java
/home/user/Documents/apc-update/library/repos/cfr/src/org/benf/cfr/reader/util/bytestream/OffsettingByteData.java
/home/user/Documents/apc-update/library/repos/cfr/src/org/benf/cfr/reader/bytecode/analysis/parse/statement/ReturnStatement.java
/home/user/Documents/apc-update/library/repos/cfr/src/org/benf/cfr/reader/bytecode/analysis/opgraph/op4rewriters/util/MiscStatementTools.java
/home/user/Documents/apc-update/library/repos/cfr/src/org/benf/cfr/reader/state/ObfuscationTypeMap.java
/home/user/Documents/apc-update/library/repos/cfr/src/org/benf/cfr/reader/api/OutputSinkFactory.java
/home/user/Documents/apc-update/library/repos/cfr/src/org/benf/cfr/reader/bytecode/analysis/parse/utils/scope/ScopeDiscoverInfoCache.java
/home/user/Documents/apc-update/library/repos/cfr/src/org/benf/cfr/reader/bytecode/analysis/parse/utils/LValueUsageCollectorSimpleRW.java
/home/user/Documents/apc-update/library/repos/cfr/src/org/benf/cfr/reader/bytecode/analysis/parse/expression/ArithmeticPostMutationOperation.java
/home/user/Documents/apc-update/library/repos/cfr/src/org/benf/cfr/reader/bytecode/analysis/parse/statement/AssignmentSimple.java
/home/user/Documents/apc-update/library/repos/cfr/src/org/benf/cfr/reader/entities/classfilehelpers/VisibilityHelper.java
/home/user/Documents/apc-update/library/repos/cfr/src/org/benf/cfr/reader/mapping/MethodMapping.java
/home/user/Documents/apc-update/library/repos/cfr/src/org/benf/cfr/reader/entities/classfilehelpers/ClassFileDumperAnnotation.java
/home/user/Documents/apc-update/library/repos/cfr/src/org/benf/cfr/reader/entities/attributes/AttributeRuntimeVisibleTypeAnnotations.java
/home/user/Documents/apc-update/library/repos/cfr/src/org/benf/cfr/reader/bytecode/analysis/opgraph/op2rewriters/Op02GetClassRewriter.java
/home/user/Documents/apc-update/library/repos/cfr/src/org/benf/cfr/reader/bytecode/analysis/parse/expression/ConstructorInvokationExplicit.java
/home/user/Documents/apc-update/library/repos/cfr/src/org/benf/cfr/reader/state/DetectedStaticImport.java
/home/user/Documents/apc-update/library/repos/cfr/src/org/benf/cfr/reader/Main.java
/home/user/Documents/apc-update/library/repos/cfr/src/org/benf/cfr/reader/bytecode/opcode/OperationFactoryFakeCatch.java
/home/user/Documents/apc-update/library/repos/cfr/src/org/benf/cfr/reader/bytecode/analysis/opgraph/op4rewriters/transformers/ObjectTypeUsageRewriter.java
/home/user/Documents/apc-update/library/repos/cfr/src/org/benf/cfr/reader/bytecode/analysis/opgraph/op3rewriters/CompareByIndex.java
/home/user/Documents/apc-update/library/repos/cfr/src/org/benf/cfr/reader/bytecode/analysis/parse/lvalue/StackSSALabel.java
/home/user/Documents/apc-update/library/repos/cfr/src/org/benf/cfr/reader/entities/constantpool/ConstantPoolEntryPackageInfo.java
/home/user/Documents/apc-update/library/repos/cfr/src/org/benf/cfr/reader/bytecode/analysis/opgraph/op2rewriters/GetClassTestInnerConstructor.java
/home/user/Documents/apc-update/library/repos/cfr/src/org/benf/cfr/reader/entities/exceptions/ExceptionTableEntry.java
/home/user/Documents/apc-update/library/repos/cfr/src/org/benf/cfr/reader/bytecode/analysis/types/StackTypes.java
/home/user/Documents/apc-update/library/repos/cfr/src/org/benf/cfr/reader/util/output/ProgressDumperStdErr.java
/home/user/Documents/apc-update/library/repos/cfr/src/org/benf/cfr/reader/bytecode/analysis/opgraph/op3rewriters/ExceptionRewriters.java
/home/user/Documents/apc-update/library/repos/cfr/src/org/benf/cfr/reader/bytecode/analysis/parse/expression/misc/Precedence.java
/home/user/Documents/apc-update/library/repos/cfr/src/org/benf/cfr/reader/entities/attributes/AttributeAnnotationDefault.java
/home/user/Documents/apc-update/library/repos/cfr/src/org/benf/cfr/reader/util/output/DumperFactory.java
/home/user/Documents/apc-update/library/repos/cfr/src/org/benf/cfr/reader/bytecode/opcode/OperationFactoryDup2.java
/home/user/Documents/apc-update/library/repos/cfr/src/org/benf/cfr/reader/util/collections/LazyMap.java
/home/user/Documents/apc-update/library/repos/cfr/src/org/benf/cfr/reader/bytecode/analysis/variables/VariableNamerDefault.java
/home/user/Documents/apc-update/library/repos/cfr/src/org/benf/cfr/reader/bytecode/analysis/opgraph/op4rewriters/checker/IllegalReturnChecker.java
/home/user/Documents/apc-update/library/repos/cfr/src/org/benf/cfr/reader/util/output/BlockCommentState.java
/home/user/Documents/apc-update/library/repos/cfr/src/org/benf/cfr/reader/bytecode/analysis/structured/statement/StructuredAssignment.java
/home/user/Documents/apc-update/library/repos/cfr/src/org/benf/cfr/reader/bytecode/analysis/parse/utils/LValueUsageCollector.java
/home/user/Documents/apc-update/library/repos/cfr/src/org/benf/cfr/reader/bytecode/analysis/parse/rewriters/StringBuilderRewriter.java
/home/user/Documents/apc-update/library/repos/cfr/src/org/benf/cfr/reader/bytecode/analysis/parse/utils/finalhelp/PeerTries.java
/home/user/Documents/apc-update/library/repos/cfr/src/org/benf/cfr/reader/entities/attributes/AttributeParameterAnnotations.java
/home/user/Documents/apc-update/library/repos/cfr/src/org/benf/cfr/reader/bytecode/analysis/opgraph/op4rewriters/NonStaticLifter.java
/home/user/Documents/apc-update/library/repos/cfr/src/org/benf/cfr/reader/bytecode/opcode/OperationFactoryTableSwitch.java
/home/user/Documents/apc-update/library/repos/cfr/src/org/benf/cfr/reader/bytecode/analysis/opgraph/op4rewriters/transformers/CanRemovePointlessBlock.java
/home/user/Documents/apc-update/library/repos/cfr/src/org/benf/cfr/reader/bytecode/analysis/opgraph/op3rewriters/CondenseConditionals.java
/home/user/Documents/apc-update/library/repos/cfr/src/org/benf/cfr/reader/bytecode/analysis/opgraph/op3rewriters/TypeFilter.java
/home/user/Documents/apc-update/library/repos/cfr/src/org/benf/cfr/reader/bytecode/analysis/parse/statement/IfStatement.java
/home/user/Documents/apc-update/library/repos/cfr/src/org/benf/cfr/reader/mapping/Mapping.java
/home/user/Documents/apc-update/library/repos/cfr/src/org/benf/cfr/reader/bytecode/analysis/parse/literal/TypedLiteral.java
/home/user/Documents/apc-update/library/repos/cfr/src/org/benf/cfr/reader/util/output/IllegalIdentifierReplacement.java
/home/user/Documents/apc-update/library/repos/cfr/src/org/benf/cfr/reader/bytecode/analysis/parse/statement/AnonBreakTarget.java
/home/user/Documents/apc-update/library/repos/cfr/src/org/benf/cfr/reader/util/functors/BinaryFunction.java
/home/user/Documents/apc-update/library/repos/cfr/src/org/benf/cfr/reader/bytecode/analysis/structured/statement/UnstructuredContinue.java
/home/user/Documents/apc-update/library/repos/cfr/src/org/benf/cfr/reader/bytecode/analysis/variables/VariableNamer.java
/home/user/Documents/apc-update/library/repos/cfr/src/org/benf/cfr/reader/bytecode/analysis/parse/expression/DynamicConstExpression.java
/home/user/Documents/apc-update/library/repos/cfr/src/org/benf/cfr/reader/entities/attributes/TypePathAccessor.java
/home/user/Documents/apc-update/library/repos/cfr/src/org/benf/cfr/reader/entities/attributes/BadAttributeException.java
/home/user/Documents/apc-update/library/repos/cfr/src/org/benf/cfr/reader/apiunreleased/ClassFileSource2.java
/home/user/Documents/apc-update/library/repos/cfr/src/org/benf/cfr/reader/bytecode/analysis/loc/BytecodeLocCollector.java
/home/user/Documents/apc-update/library/repos/cfr/src/org/benf/cfr/reader/bytecode/analysis/parse/expression/BoolOp.java
/home/user/Documents/apc-update/library/repos/cfr/src/org/benf/cfr/reader/bytecode/analysis/types/JavaWildcardTypeInstance.java
/home/user/Documents/apc-update/library/repos/cfr/src/org/benf/cfr/reader/bytecode/analysis/opgraph/op3rewriters/LValueProp.java
/home/user/Documents/apc-update/library/repos/cfr/src/org/benf/cfr/reader/entities/attributes/AttributeSynthetic.java
/home/user/Documents/apc-update/library/repos/cfr/src/org/benf/cfr/reader/entities/annotations/ElementValueAnnotation.java
/home/user/Documents/apc-update/library/repos/cfr/src/org/benf/cfr/reader/bytecode/CodeAnalyserWholeClass.java
/home/user/Documents/apc-update/library/repos/cfr/src/org/benf/cfr/reader/entities/constantpool/ConstantPool.java
/home/user/Documents/apc-update/library/repos/cfr/src/org/benf/cfr/reader/bytecode/analysis/opgraph/Op03Blocks.java
/home/user/Documents/apc-update/library/repos/cfr/src/org/benf/cfr/reader/util/collections/ListFactory.java
/home/user/Documents/apc-update/library/repos/cfr/src/org/benf/cfr/reader/bytecode/analysis/types/TypeConstants.java
/home/user/Documents/apc-update/library/repos/cfr/src/org/benf/cfr/reader/bytecode/analysis/structured/statement/StructuredFinally.java
/home/user/Documents/apc-update/library/repos/cfr/src/org/benf/cfr/reader/bytecode/analysis/opgraph/op4rewriters/StaticLifter.java
/home/user/Documents/apc-update/library/repos/cfr/src/org/benf/cfr/reader/bytecode/analysis/opgraph/op3rewriters/ConditionalSimplifier.java
/home/user/Documents/apc-update/library/repos/cfr/src/org/benf/cfr/reader/bytecode/analysis/parse/rewriters/AccountingRewriter.java
/home/user/Documents/apc-update/library/repos/cfr/src/org/benf/cfr/reader/util/getopt/OptionsImpl.java
/home/user/Documents/apc-update/library/repos/cfr/src/org/benf/cfr/reader/bytecode/analysis/structured/statement/UnstructuredWhile.java
/home/user/Documents/apc-update/library/repos/cfr/src/org/benf/cfr/reader/bytecode/opcode/OperationFactoryGotoW.java
/home/user/Documents/apc-update/library/repos/cfr/src/org/benf/cfr/reader/bytecode/analysis/parse/expression/LiteralHex.java
/home/user/Documents/apc-update/library/repos/cfr/src/org/benf/cfr/reader/bytecode/analysis/opgraph/op4rewriters/transformers/InstanceOfAssignRewriter.java
/home/user/Documents/apc-update/library/repos/cfr/src/org/benf/cfr/reader/entities/constantpool/ConstantPoolEntryDouble.java
/home/user/Documents/apc-update/library/repos/cfr/src/org/benf/cfr/reader/util/StringUtils.java
/home/user/Documents/apc-update/library/repos/cfr/src/org/benf/cfr/reader/bytecode/analysis/opgraph/op4rewriters/matchutil/MatchOpt.java
/home/user/Documents/apc-update/library/repos/cfr/src/org/benf/cfr/reader/entities/AbstractConstantPoolEntry.java
/home/user/Documents/apc-update/library/repos/cfr/src/org/benf/cfr/reader/bytecode/analysis/opgraph/op4rewriters/VarArgsRewriter.java
/home/user/Documents/apc-update/library/repos/cfr/src/org/benf/cfr/reader/util/graph/GraphVisitorDFS.java
/home/user/Documents/apc-update/library/repos/cfr/src/org/benf/cfr/reader/bytecode/analysis/types/MethodPrototype.java
/home/user/Documents/apc-update/library/repos/cfr/src/org/benf/cfr/reader/bytecode/AnonymousClassUsage.java
/home/user/Documents/apc-update/library/repos/cfr/src/org/benf/cfr/reader/bytecode/analysis/parse/utils/finalhelp/FinallyGraphHelper.java
/home/user/Documents/apc-update/library/repos/cfr/src/org/benf/cfr/reader/bytecode/analysis/opgraph/op4rewriters/transformers/TryResourcesTransformerJ9.java
/home/user/Documents/apc-update/library/repos/cfr/src/org/benf/cfr/reader/bytecode/analysis/parse/utils/BlockIdentifierFactory.java
/home/user/Documents/apc-update/library/repos/cfr/src/org/benf/cfr/reader/bytecode/analysis/opgraph/op4rewriters/transformers/BadLoopPrettifier.java
/home/user/Documents/apc-update/library/repos/cfr/src/org/benf/cfr/reader/entities/Method.java
/home/user/Documents/apc-update/library/repos/cfr/src/org/benf/cfr/reader/util/output/IllegalIdentifierDump.java
/home/user/Documents/apc-update/library/repos/cfr/src/org/benf/cfr/reader/util/bytestream/OffsetBackedByteData.java
/home/user/Documents/apc-update/library/repos/cfr/src/org/benf/cfr/reader/bytecode/opcode/DecodedTableSwitch.java
/home/user/Documents/apc-update/library/repos/cfr/src/org/benf/cfr/reader/entities/attributes/TypePath.java
/home/user/Documents/apc-update/library/repos/cfr/src/org/benf/cfr/reader/bytecode/analysis/parse/Expression.java
/home/user/Documents/apc-update/library/repos/cfr/src/org/benf/cfr/reader/util/lambda/LambdaUtils.java
/home/user/Documents/apc-update/library/repos/cfr/src/org/benf/cfr/reader/bytecode/analysis/variables/VariableFactory.java
/home/user/Documents/apc-update/library/repos/cfr/src/org/benf/cfr/reader/bytecode/analysis/opgraph/op4rewriters/LValueReplacingRewriter.java
/home/user/Documents/apc-update/library/repos/cfr/src/org/benf/cfr/reader/util/getopt/Options.java
/home/user/Documents/apc-update/library/repos/cfr/src/org/benf/cfr/reader/bytecode/analysis/parse/utils/finalhelp/CompositeBlockIdentifierKey.java
/home/user/Documents/apc-update/library/repos/cfr/src/org/benf/cfr/reader/bytecode/analysis/opgraph/op4rewriters/transformers/TypeAnnotationTransformer.java
/home/user/Documents/apc-update/library/repos/cfr/src/org/benf/cfr/reader/bytecode/analysis/opgraph/op3rewriters/NegativeJumps.java
/home/user/Documents/apc-update/library/repos/cfr/src/org/benf/cfr/reader/bytecode/analysis/types/ClassNameUtils.java
/home/user/Documents/apc-update/library/repos/cfr/src/org/benf/cfr/reader/bytecode/opcode/OperationFactoryDup2X2.java
/home/user/Documents/apc-update/library/repos/cfr/src/org/benf/cfr/reader/util/output/BytecodeTrackingDumper.java
/home/user/Documents/apc-update/library/repos/cfr/src/org/benf/cfr/reader/bytecode/analysis/structured/statement/UnstructuredIter.java
/home/user/Documents/apc-update/library/repos/cfr/src/org/benf/cfr/reader/bytecode/analysis/opgraph/op3rewriters/NOPSearchingExpressionRewriter.java
/home/user/Documents/apc-update/library/repos/cfr/src/org/benf/cfr/reader/entities/attributes/AnnotationHelpers.java
/home/user/Documents/apc-update/library/repos/cfr/src/org/benf/cfr/reader/entities/exceptions/ExceptionCheck.java
/home/user/Documents/apc-update/library/repos/cfr/src/org/benf/cfr/reader/bytecode/analysis/parse/statement/ReturnNothingStatement.java
/home/user/Documents/apc-update/library/repos/cfr/src/org/benf/cfr/reader/mapping/MappingFactory.java
/home/user/Documents/apc-update/library/repos/cfr/src/org/benf/cfr/reader/entities/attributes/AttributeLocalVariableTable.java
/home/user/Documents/apc-update/library/repos/cfr/src/org/benf/cfr/reader/bytecode/opcode/OperationFactoryGetField.java
/home/user/Documents/apc-update/library/repos/cfr/src/org/benf/cfr/reader/bytecode/analysis/opgraph/op3rewriters/KotlinSwitchHandler.java
/home/user/Documents/apc-update/library/repos/cfr/src/org/benf/cfr/reader/util/output/TypeOverridingDumper.java
/home/user/Documents/apc-update/library/repos/cfr/src/org/benf/cfr/reader/entities/attributes/AttributeMap.java
/home/user/Documents/apc-update/library/repos/cfr/src/org/benf/cfr/reader/bytecode/analysis/loc/BytecodeLoc.java
/home/user/Documents/apc-update/library/repos/cfr/src/org/benf/cfr/reader/state/ClassNameFunctionInvalid.java
/home/user/Documents/apc-update/library/repos/cfr/src/org/benf/cfr/reader/entities/attributes/TypePathPartBound.java
/home/user/Documents/apc-update/library/repos/cfr/src/org/benf/cfr/reader/util/CannotPerformDecode.java
/home/user/Documents/apc-update/library/repos/cfr/src/org/benf/cfr/reader/entities/attributes/LocalVariableEntry.java
/home/user/Documents/apc-update/library/repos/cfr/src/org/benf/cfr/reader/entities/constantpool/ConstantPoolEntryFloat.java
/home/user/Documents/apc-update/library/repos/cfr/src/org/benf/cfr/reader/bytecode/analysis/opgraph/op4rewriters/matchutil/AbstractMatchResultIterator.java
/home/user/Documents/apc-update/library/repos/cfr/src/org/benf/cfr/reader/bytecode/analysis/parse/utils/QuotingUtils.java
/home/user/Documents/apc-update/library/repos/cfr/src/org/benf/cfr/reader/bytecode/analysis/parse/statement/JumpingStatement.java
/home/user/Documents/apc-update/library/repos/cfr/src/org/benf/cfr/reader/state/ClassFileSourceWrapper.java
/home/user/Documents/apc-update/library/repos/cfr/src/org/benf/cfr/reader/bytecode/analysis/structured/StructuredStatement.java
/home/user/Documents/apc-update/library/repos/cfr/src/org/benf/cfr/reader/bytecode/analysis/opgraph/op4rewriters/transformers/InvalidBooleanCastCleaner.java
/home/user/Documents/apc-update/library/repos/cfr/src/org/benf/cfr/reader/bytecode/analysis/parse/rewriters/ExpressionVisitor.java
/home/user/Documents/apc-update/library/repos/cfr/src/org/benf/cfr/reader/entities/constantpool/ConstantPoolUtils.java
/home/user/Documents/apc-update/library/repos/cfr/src/org/benf/cfr/reader/bytecode/opcode/OperationFactoryDupBase.java
/home/user/Documents/apc-update/library/repos/cfr/src/org/benf/cfr/reader/bytecode/analysis/opgraph/op3rewriters/UselessNops.java
/home/user/Documents/apc-update/library/repos/cfr/src/org/benf/cfr/reader/bytecode/analysis/parse/utils/finalhelp/FinalAnalyzer.java
/home/user/Documents/apc-update/library/repos/cfr/src/org/benf/cfr/reader/util/graph/GraphVisitor.java
/home/user/Documents/apc-update/library/repos/cfr/src/org/benf/cfr/reader/relationship/MemberNameResolver.java
/home/user/Documents/apc-update/library/repos/cfr/src/org/benf/cfr/reader/util/collections/CollectionUtils.java
/home/user/Documents/apc-update/library/repos/cfr/src/org/benf/cfr/reader/util/graph/GraphVisitorFIFO.java
/home/user/Documents/apc-update/library/repos/cfr/src/org/benf/cfr/reader/bytecode/analysis/opgraph/op3rewriters/NarrowingTypeRewriter.java
/home/user/Documents/apc-update/library/repos/cfr/src/org/benf/cfr/reader/bytecode/analysis/parse/expression/ConstructorInvokationSimple.java
/home/user/Documents/apc-update/library/repos/cfr/src/org/benf/cfr/reader/bytecode/analysis/structured/statement/StructuredFakeDecompFailure.java
/home/user/Documents/apc-update/library/repos/cfr/src/org/benf/cfr/reader/util/getopt/GetOptSinkFactory.java
/home/user/Documents/apc-update/library/repos/cfr/src/org/benf/cfr/reader/util/collections/LazyExceptionRetainingMap.java
/home/user/Documents/apc-update/library/repos/cfr/src/org/benf/cfr/reader/bytecode/analysis/parse/expression/LambdaExpressionCommon.java
/home/user/Documents/apc-update/library/repos/cfr/src/org/benf/cfr/reader/util/output/ToStringDumper.java
/home/user/Documents/apc-update/library/repos/cfr/src/org/benf/cfr/reader/bytecode/analysis/opgraph/op4rewriters/util/BoxingHelper.java
/home/user/Documents/apc-update/library/repos/cfr/src/org/benf/cfr/reader/entities/classfilehelpers/ClassFileDumperEnum.java
/home/user/Documents/apc-update/library/repos/cfr/src/org/benf/cfr/reader/entities/ClassFileField.java
/home/user/Documents/apc-update/library/repos/cfr/src/org/benf/cfr/reader/bytecode/RecoveryOptions.java
/home/user/Documents/apc-update/library/repos/cfr/src/org/benf/cfr/reader/bytecode/analysis/structured/StructuredScope.java
/home/user/Documents/apc-update/library/repos/cfr/src/org/benf/cfr/reader/bytecode/analysis/variables/Slot.java
/home/user/Documents/apc-update/library/repos/cfr/src/org/benf/cfr/reader/bytecode/opcode/OperationFactoryDupX1.java
/home/user/Documents/apc-update/library/repos/cfr/src/org/benf/cfr/reader/bytecode/analysis/parse/statement/MonitorExitStatement.java
/home/user/Documents/apc-update/library/repos/cfr/src/org/benf/cfr/reader/bytecode/analysis/opgraph/op4rewriters/InlinedConstantRewriter.java
/home/user/Documents/apc-update/library/repos/cfr/src/org/benf/cfr/reader/bytecode/RecoveryOption.java
/home/user/Documents/apc-update/library/repos/cfr/src/org/benf/cfr/reader/bytecode/analysis/structured/statement/UnstructuredBreak.java
/home/user/Documents/apc-update/library/repos/cfr/src/org/benf/cfr/reader/bytecode/analysis/parse/expression/AbstractNewArray.java
/home/user/Documents/apc-update/library/repos/cfr/src/org/benf/cfr/reader/bytecode/analysis/opgraph/op3rewriters/SynchronizedBlocks.java
/home/user/Documents/apc-update/library/repos/cfr/src/org/benf/cfr/reader/bytecode/analysis/structured/statement/UnstructuredFinally.java
/home/user/Documents/apc-update/library/repos/cfr/src/org/benf/cfr/reader/bytecode/analysis/structured/statement/UnstructuredIf.java
/home/user/Documents/apc-update/library/repos/cfr/src/org/benf/cfr/reader/util/output/LogFormatter.java
/home/user/Documents/apc-update/library/repos/cfr/src/org/benf/cfr/reader/Driver.java
/home/user/Documents/apc-update/library/repos/cfr/src/org/benf/cfr/reader/bytecode/analysis/types/RawJavaType.java
/home/user/Documents/apc-update/library/repos/cfr/src/org/benf/cfr/reader/bytecode/analysis/opgraph/op4rewriters/NarrowingAssignmentRewriter.java
/home/user/Documents/apc-update/library/repos/cfr/src/org/benf/cfr/reader/entities/attributes/TypeAnnotationLocation.java
/home/user/Documents/apc-update/library/repos/cfr/src/org/benf/cfr/reader/entities/AccessFlag.java
/home/user/Documents/apc-update/library/repos/cfr/src/org/benf/cfr/reader/bytecode/analysis/parse/lvalue/FieldVariable.java
/home/user/Documents/apc-update/library/repos/cfr/src/org/benf/cfr/reader/bytecode/analysis/parse/expression/AssignmentExpression.java
/home/user/Documents/apc-update/library/repos/cfr/src/org/benf/cfr/reader/bytecode/analysis/parse/expression/AbstractExpression.java
/home/user/Documents/apc-update/library/repos/cfr/src/org/benf/cfr/reader/util/annotation/Nullable.java
/home/user/Documents/apc-update/library/repos/cfr/src/org/benf/cfr/reader/bytecode/analysis/opgraph/op4rewriters/transformers/ExpressionRewriterTransformer.java
/home/user/Documents/apc-update/library/repos/cfr/src/org/benf/cfr/reader/bytecode/analysis/opgraph/op3rewriters/Op03Rewriters.java
/home/user/Documents/apc-update/library/repos/cfr/src/org/benf/cfr/reader/bytecode/opcode/OperationFactoryGetStatic.java
/home/user/Documents/apc-update/library/repos/cfr/src/org/benf/cfr/reader/bytecode/analysis/parse/rewriters/ExpressionRewriterHelper.java
/home/user/Documents/apc-update/library/repos/cfr/src/org/benf/cfr/reader/bytecode/opcode/OperationFactoryNew.java
/home/user/Documents/apc-update/library/repos/cfr/src/org/benf/cfr/reader/bytecode/analysis/opgraph/op4rewriters/J14ClassObjectRewriter.java
/home/user/Documents/apc-update/library/repos/cfr/src/org/benf/cfr/reader/bytecode/analysis/types/ClassSignature.java
/home/user/Documents/apc-update/library/repos/cfr/src/org/benf/cfr/reader/bytecode/analysis/parse/rewriters/AbstractExpressionVisitor.java
/home/user/Documents/apc-update/library/repos/cfr/src/org/benf/cfr/reader/util/AnalysisType.java
/home/user/Documents/apc-update/library/repos/cfr/src/org/benf/cfr/reader/bytecode/analysis/structured/statement/placeholder/EndBlock.java
/home/user/Documents/apc-update/library/repos/cfr/src/org/benf/cfr/reader/bytecode/analysis/parse/utils/LValueUsageCollectorSimple.java
/home/user/Documents/apc-update/library/repos/cfr/src/org/benf/cfr/reader/util/Optional.java
/home/user/Documents/apc-update/library/repos/cfr/src/org/benf/cfr/reader/bytecode/analysis/opgraph/op3rewriters/DupAssigns.java
/home/user/Documents/apc-update/library/repos/cfr/src/org/benf/cfr/reader/bytecode/analysis/opgraph/op3rewriters/BadBoolAssignmentRewriter.java
/home/user/Documents/apc-update/library/repos/cfr/src/org/benf/cfr/reader/bytecode/analysis/variables/NamedVariableDefault.java
/home/user/Documents/apc-update/library/repos/cfr/src/org/benf/cfr/reader/bytecode/analysis/parse/expression/AbstractAssignmentExpression.java
/home/user/Documents/apc-update/library/repos/cfr/src/org/benf/cfr/reader/bytecode/analysis/opgraph/op4rewriters/IllegalGenericRewriter.java
/home/user/Documents/apc-update/library/repos/cfr/src/org/benf/cfr/reader/entities/attributes/AttributeExceptions.java
/home/user/Documents/apc-update/library/repos/cfr/src/org/benf/cfr/reader/util/getopt/MutableOptions.java
/home/user/Documents/apc-update/library/repos/cfr/src/org/benf/cfr/reader/bytecode/analysis/parse/statement/ForStatement.java
/home/user/Documents/apc-update/library/repos/cfr/src/org/benf/cfr/reader/state/JarContentImpl.java
/home/user/Documents/apc-update/library/repos/cfr/src/org/benf/cfr/reader/entities/exceptions/IntervalCollisionRemover.java
/home/user/Documents/apc-update/library/repos/cfr/src/org/benf/cfr/reader/entities/attributes/AttributeConstantValue.java
/home/user/Documents/apc-update/library/repos/cfr/src/org/benf/cfr/reader/util/Troolean.java
/home/user/Documents/apc-update/library/repos/cfr/src/org/benf/cfr/reader/bytecode/analysis/opgraph/op4rewriters/transformers/HexLiteralTidier.java
/home/user/Documents/apc-update/library/repos/cfr/src/org/benf/cfr/reader/bytecode/analysis/opgraph/op3rewriters/StaticInstanceCondenser.java
/home/user/Documents/apc-update/library/repos/cfr/src/org/benf/cfr/reader/bytecode/analysis/parse/expression/NewAnonymousArray.java
/home/user/Documents/apc-update/library/repos/cfr/src/org/benf/cfr/reader/bytecode/analysis/structured/statement/StructuredIf.java
/home/user/Documents/apc-update/library/repos/cfr/src/org/benf/cfr/reader/bytecode/analysis/types/discovery/InferredJavaType.java
/home/user/Documents/apc-update/library/repos/cfr/src/org/benf/cfr/reader/bytecode/opcode/OperationFactoryPop2.java
/home/user/Documents/apc-update/library/repos/cfr/src/org/benf/cfr/reader/bytecode/analysis/parse/statement/CompoundStatement.java
/home/user/Documents/apc-update/library/repos/cfr/src/org/benf/cfr/reader/entities/classfilehelpers/ClassFileDumperRecord.java
/home/user/Documents/apc-update/library/repos/cfr/src/org/benf/cfr/reader/bytecode/analysis/parse/expression/TernaryExpression.java
/home/user/Documents/apc-update/library/repos/cfr/src/org/benf/cfr/reader/bytecode/analysis/structured/statement/placeholder/ElseBlock.java
/home/user/Documents/apc-update/library/repos/cfr/src/org/benf/cfr/reader/state/OsInfo.java
/home/user/Documents/apc-update/library/repos/cfr/src/org/benf/cfr/reader/entities/constantpool/ConstantPoolEntryNameAndType.java
/home/user/Documents/apc-update/library/repos/cfr/src/org/benf/cfr/reader/bytecode/analysis/structured/statement/AbstractStructuredContinue.java
/home/user/Documents/apc-update/library/repos/cfr/src/org/benf/cfr/reader/entities/constantpool/ConstantPoolEntryInvokeDynamic.java
/home/user/Documents/apc-update/library/repos/cfr/src/org/benf/cfr/reader/entities/innerclass/InnerClassAttributeInfo.java
/home/user/Documents/apc-update/library/repos/cfr/src/org/benf/cfr/reader/entities/MethodOrdering.java
/home/user/Documents/apc-update/library/repos/cfr/src/org/benf/cfr/reader/bytecode/analysis/opgraph/op3rewriters/JoinBlocks.java
/home/user/Documents/apc-update/library/repos/cfr/src/org/benf/cfr/reader/bytecode/analysis/opgraph/op2rewriters/TypeHintRecoveryImpl.java
/home/user/Documents/apc-update/library/repos/cfr/src/org/benf/cfr/reader/bytecode/analysis/parse/expression/AbstractFunctionInvokation.java
/home/user/Documents/apc-update/library/repos/cfr/src/org/benf/cfr/reader/bytecode/analysis/parse/utils/scope/LocalClassScopeDiscoverImpl.java
/home/user/Documents/apc-update/library/repos/cfr/src/org/benf/cfr/reader/bytecode/analysis/parse/rewriters/LiteralRewriter.java
/home/user/Documents/apc-update/library/repos/cfr/src/org/benf/cfr/reader/state/OverloadMethodSetCache.java
/home/user/Documents/apc-update/library/repos/cfr/src/org/benf/cfr/reader/bytecode/analysis/variables/Ident.java
/home/user/Documents/apc-update/library/repos/cfr/src/org/benf/cfr/reader/bytecode/opcode/OperationFactoryConditionalJump.java
/home/user/Documents/apc-update/library/repos/cfr/src/org/benf/cfr/reader/bytecode/analysis/parse/utils/Triplet.java
/home/user/Documents/apc-update/library/repos/cfr/src/org/benf/cfr/reader/entities/FakeMethods.java
/home/user/Documents/apc-update/library/repos/cfr/src/org/benf/cfr/reader/bytecode/analysis/parse/LValue.java
/home/user/Documents/apc-update/library/repos/cfr/src/org/benf/cfr/reader/entities/attributes/AttributeSignature.java
/home/user/Documents/apc-update/library/repos/cfr/src/org/benf/cfr/reader/entities/constantpool/ConstantPoolEntryMethodHandle.java
/home/user/Documents/apc-update/library/repos/cfr/src/org/benf/cfr/reader/util/output/NopSummaryDumper.java
/home/user/Documents/apc-update/library/repos/cfr/src/org/benf/cfr/reader/bytecode/opcode/OperationFactoryLDCW.java
/home/user/Documents/apc-update/library/repos/cfr/src/org/benf/cfr/reader/bytecode/analysis/parse/statement/RawSwitchStatement.java
/home/user/Documents/apc-update/library/repos/cfr/src/org/benf/cfr/reader/bytecode/analysis/opgraph/op3rewriters/RedundantTries.java
/home/user/Documents/apc-update/library/repos/cfr/src/org/benf/cfr/reader/util/output/StdIODumper.java
/home/user/Documents/apc-update/library/repos/cfr/src/org/benf/cfr/reader/util/output/ProgressDumper.java
/home/user/Documents/apc-update/library/repos/cfr/src/org/benf/cfr/reader/bytecode/analysis/opgraph/op3rewriters/StaticInitReturnRewriter.java
/home/user/Documents/apc-update/library/repos/cfr/src/org/benf/cfr/reader/bytecode/analysis/types/MethodPrototypeAnnotationsHelper.java
/home/user/Documents/apc-update/library/repos/cfr/src/org/benf/cfr/reader/bytecode/analysis/structured/statement/UnstructuredCase.java
/home/user/Documents/apc-update/library/repos/cfr/src/org/benf/cfr/reader/bytecode/analysis/opgraph/op4rewriters/util/ConstructorUtils.java
/home/user/Documents/apc-update/library/repos/cfr/src/org/benf/cfr/reader/bytecode/opcode/OperationFactoryDup.java
/home/user/Documents/apc-update/library/repos/cfr/src/org/benf/cfr/reader/bytecode/analysis/structured/statement/StructuredFor.java
/home/user/Documents/apc-update/library/repos/cfr/src/org/benf/cfr/reader/bytecode/analysis/parse/statement/CommentStatement.java
/home/user/Documents/apc-update/library/repos/cfr/src/org/benf/cfr/reader/entities/exceptions/IntervalOverlapper.java
/home/user/Documents/apc-update/library/repos/cfr/src/org/benf/cfr/reader/bytecode/analysis/types/DynamicInvokeType.java
/home/user/Documents/apc-update/library/repos/cfr/src/org/benf/cfr/reader/entities/constantpool/ConstantPoolEntryClass.java
/home/user/Documents/apc-update/library/repos/cfr/src/org/benf/cfr/reader/bytecode/analysis/opgraph/op3rewriters/PointlessJumps.java
/home/user/Documents/apc-update/library/repos/cfr/src/org/benf/cfr/reader/entities/attributes/TypeAnnotationEntryKind.java
/home/user/Documents/apc-update/library/repos/cfr/src/org/benf/cfr/reader/bytecode/analysis/parse/lvalue/SentinelLocalClassLValue.java
/home/user/Documents/apc-update/library/repos/cfr/src/org/benf/cfr/reader/bytecode/analysis/opgraph/op4rewriters/transformers/UnusedAnonymousBlockFlattener.java
/home/user/Documents/apc-update/library/repos/cfr/src/org/benf/cfr/reader/bytecode/analysis/parse/utils/LValueAssignmentExpressionRewriter.java
/home/user/Documents/apc-update/library/repos/cfr/src/org/benf/cfr/reader/entities/attributes/AttributeRuntimeInvisibleTypeAnnotations.java
/home/user/Documents/apc-update/library/repos/cfr/src/org/benf/cfr/reader/util/bytestream/AbstractBackedByteData.java
/home/user/Documents/apc-update/library/repos/cfr/src/org/benf/cfr/reader/bytecode/analysis/types/FormalTypeParameter.java
/home/user/Documents/apc-update/library/repos/cfr/src/org/benf/cfr/reader/bytecode/analysis/opgraph/op4rewriters/matchutil/CollectMatch.java
/home/user/Documents/apc-update/library/repos/cfr/src/org/benf/cfr/reader/bytecode/analysis/parse/statement/ForIterStatement.java
/home/user/Documents/apc-update/library/repos/cfr/src/org/benf/cfr/reader/bytecode/analysis/parse/statement/ReturnValueStatement.java
/home/user/Documents/apc-update/library/repos/cfr/src/org/benf/cfr/reader/bytecode/analysis/parse/wildcard/WildcardMatch.java
/home/user/Documents/apc-update/library/repos/cfr/src/org/benf/cfr/reader/bytecode/analysis/opgraph/op4rewriters/matchutil/KleeneStar.java
/home/user/Documents/apc-update/library/repos/cfr/src/org/benf/cfr/reader/bytecode/analysis/opgraph/op3rewriters/BadCompareRewriter.java
/home/user/Documents/apc-update/library/repos/cfr/src/org/benf/cfr/reader/entities/attributes/AttributeTypeAnnotations.java
/home/user/Documents/apc-update/library/repos/cfr/src/org/benf/cfr/reader/bytecode/analysis/opgraph/op3rewriters/GenericInferer.java
/home/user/Documents/apc-update/library/repos/cfr/src/org/benf/cfr/reader/entities/attributes/AttributeRuntimeVisibleParameterAnnotations.java
/home/user/Documents/apc-update/library/repos/cfr/src/org/benf/cfr/reader/bytecode/opcode/JVMInstr.java
/home/user/Documents/apc-update/library/repos/cfr/src/org/benf/cfr/reader/bytecode/analysis/stack/StackDelta.java
/home/user/Documents/apc-update/library/repos/cfr/src/org/benf/cfr/reader/bytecode/analysis/opgraph/op4rewriters/Op04Rewriter.java
/home/user/Documents/apc-update/library/repos/cfr/src/org/benf/cfr/reader/util/graph/AbstractGraphVisitorFI.java
/home/user/Documents/apc-update/library/repos/cfr/src/org/benf/cfr/reader/bytecode/analysis/opgraph/op4rewriters/ScopeHidingVariableRewriter.java
/home/user/Documents/apc-update/library/repos/cfr/src/org/benf/cfr/reader/bytecode/analysis/types/StackType.java
/home/user/Documents/apc-update/library/repos/cfr/src/org/benf/cfr/reader/bytecode/analysis/opgraph/op4rewriters/BadCastChainRewriter.java
/home/user/Documents/apc-update/library/repos/cfr/src/org/benf/cfr/reader/entityfactories/ContiguousEntityFactory.java
/home/user/Documents/apc-update/library/repos/cfr/src/org/benf/cfr/reader/bytecode/CodeAnalyser.java
/home/user/Documents/apc-update/library/repos/cfr/src/org/benf/cfr/reader/bytecode/analysis/parse/rewriters/AbstractExpressionRewriter.java
/home/user/Documents/apc-update/library/repos/cfr/src/org/benf/cfr/reader/entities/annotations/ElementValueArray.java
/home/user/Documents/apc-update/library/repos/cfr/src/org/benf/cfr/reader/bytecode/analysis/structured/statement/StructuredReturn.java
/home/user/Documents/apc-update/library/repos/cfr/src/org/benf/cfr/reader/state/TypeUsageInformationEmpty.java
/home/user/Documents/apc-update/library/repos/cfr/src/org/benf/cfr/reader/bytecode/analysis/structured/statement/StructuredSwitch.java
/home/user/Documents/apc-update/library/repos/cfr/src/org/benf/cfr/reader/bytecode/analysis/opgraph/op4rewriters/transformers/TryResourcesTransformerBase.java
/home/user/Documents/apc-update/library/repos/cfr/src/org/benf/cfr/reader/state/ClassRenamer.java
/home/user/Documents/apc-update/library/repos/cfr/src/org/benf/cfr/reader/entities/exceptions/BasicExceptions.java
/home/user/Documents/apc-update/library/repos/cfr/src/org/benf/cfr/reader/bytecode/opcode/OperationFactoryInvokeDynamic.java
/home/user/Documents/apc-update/library/repos/cfr/src/org/benf/cfr/reader/bytecode/analysis/parse/expression/ArithmeticMutationOperation.java
/home/user/Documents/apc-update/library/repos/cfr/src/org/benf/cfr/reader/bytecode/opcode/OperationFactoryWide.java
/home/user/Documents/apc-update/library/repos/cfr/src/org/benf/cfr/reader/bytecode/analysis/parse/expression/InstanceOfExpressionDefining.java
/home/user/Documents/apc-update/library/repos/cfr/src/org/benf/cfr/reader/util/MiscConstants.java
/home/user/Documents/apc-update/library/repos/cfr/src/org/benf/cfr/reader/bytecode/analysis/opgraph/op4rewriters/transformers/LValueTypeClashCheck.java
/home/user/Documents/apc-update/library/repos/cfr/src/org/benf/cfr/reader/entities/bootstrap/MethodHandleBehaviour.java
/home/user/Documents/apc-update/library/repos/cfr/src/org/benf/cfr/reader/util/output/ExceptionDumper.java
/home/user/Documents/apc-update/library/repos/cfr/src/org/benf/cfr/reader/bytecode/analysis/loc/HasByteCodeLoc.java
/home/user/Documents/apc-update/library/repos/cfr/src/org/benf/cfr/reader/entities/attributes/AttributeLineNumberTable.java
/home/user/Documents/apc-update/library/repos/cfr/src/org/benf/cfr/reader/bytecode/analysis/parse/rewriters/ConditionalSimplifyingRewriter.java
/home/user/Documents/apc-update/library/repos/cfr/src/org/benf/cfr/reader/entityfactories/AttributeFactory.java
/home/user/Documents/apc-update/library/repos/cfr/src/org/benf/cfr/reader/entities/attributes/TypePathPartArray.java
/home/user/Documents/apc-update/library/repos/cfr/src/org/benf/cfr/reader/entities/classfilehelpers/ClassFileDumperAnonymousInner.java
/home/user/Documents/apc-update/library/repos/cfr/src/org/benf/cfr/reader/util/getopt/BadParametersException.java
/home/user/Documents/apc-update/library/repos/cfr/src/org/benf/cfr/reader/bytecode/analysis/opgraph/op4rewriters/RedundantSuperRewriter.java
/home/user/Documents/apc-update/library/repos/cfr/src/org/benf/cfr/reader/bytecode/analysis/structured/statement/UnstructuredGoto.java
/home/user/Documents/apc-update/library/repos/cfr/src/org/benf/cfr/reader/bytecode/analysis/parse/expression/ConditionalExpression.java
/home/user/Documents/apc-update/library/repos/cfr/src/org/benf/cfr/reader/entities/constantpool/ConstantPoolEntry.java
/home/user/Documents/apc-update/library/repos/cfr/src/org/benf/cfr/reader/bytecode/analysis/parse/statement/ExpressionStatement.java
/home/user/Documents/apc-update/library/repos/cfr/src/org/benf/cfr/reader/util/collections/SetUtil.java
/home/user/Documents/apc-update/library/repos/cfr/src/org/benf/cfr/reader/state/InnerClassTypeUsageInformation.java
/home/user/Documents/apc-update/library/repos/cfr/src/org/benf/cfr/reader/bytecode/analysis/opgraph/op4rewriters/transformers/TryResourcesTransformerJ7.java
/home/user/Documents/apc-update/library/repos/cfr/src/org/benf/cfr/reader/bytecode/opcode/OperationFactory.java
/home/user/Documents/apc-update/library/repos/cfr/src/org/benf/cfr/reader/bytecode/analysis/types/JavaGenericBaseInstance.java
/home/user/Documents/apc-update/library/repos/cfr/src/org/benf/cfr/reader/bytecode/analysis/opgraph/op4rewriters/checker/Op04Checker.java
/home/user/Documents/apc-update/library/repos/cfr/src/org/benf/cfr/reader/bytecode/analysis/structured/statement/AbstractStructuredConditionalLoopStatement.java
/home/user/Documents/apc-update/library/repos/cfr/src/org/benf/cfr/reader/bytecode/analysis/parse/utils/SSAIdentifierFactory.java
/home/user/Documents/apc-update/library/repos/cfr/src/org/benf/cfr/reader/bytecode/analysis/opgraph/IndexedStatement.java
/home/user/Documents/apc-update/library/repos/cfr/src/org/benf/cfr/reader/bytecode/analysis/parse/expression/ComparisonOperation.java
/home/user/Documents/apc-update/library/repos/cfr/src/org/benf/cfr/reader/util/collections/Functional.java
/home/user/Documents/apc-update/library/repos/cfr/src/org/benf/cfr/reader/bytecode/analysis/structured/statement/StructuredThrow.java
/home/user/Documents/apc-update/library/repos/cfr/src/org/benf/cfr/reader/bytecode/analysis/opgraph/op4rewriters/transformers/TypedBooleanTidier.java
/home/user/Documents/apc-update/library/repos/cfr/src/org/benf/cfr/reader/entities/exceptions/ExceptionAggregator.java
/home/user/Documents/apc-update/library/repos/cfr/src/org/benf/cfr/reader/util/functors/TrinaryFunction.java
/home/user/Documents/apc-update/library/repos/cfr/src/org/benf/cfr/reader/bytecode/analysis/variables/VariableNamerFactory.java
/home/user/Documents/apc-update/library/repos/cfr/src/org/benf/cfr/reader/entities/bootstrap/BootstrapMethodInfo.java
/home/user/Documents/apc-update/library/repos/cfr/src/org/benf/cfr/reader/bytecode/analysis/opgraph/op4rewriters/transformers/InstanceOfTreeTransformer.java
/home/user/Documents/apc-update/library/repos/cfr/src/org/benf/cfr/reader/bytecode/opcode/DecodedSwitch.java
/home/user/Documents/apc-update/library/repos/cfr/src/org/benf/cfr/reader/bytecode/analysis/parse/statement/ThrowStatement.java
/home/user/Documents/apc-update/library/repos/cfr/src/org/benf/cfr/reader/bytecode/analysis/parse/lvalue/StaticVariable.java
/home/user/Documents/apc-update/library/repos/cfr/src/org/benf/cfr/reader/bytecode/analysis/parse/statement/CaseStatement.java
/home/user/Documents/apc-update/library/repos/cfr/src/org/benf/cfr/reader/bytecode/analysis/parse/expression/StaticFunctionInvokationExplicit.java
/home/user/Documents/apc-update/library/repos/cfr/src/org/benf/cfr/reader/bytecode/analysis/opgraph/op2rewriters/Op02RedundantStoreRewriter.java
/home/user/Documents/apc-update/library/repos/cfr/src/org/benf/cfr/reader/bytecode/opcode/OperationFactoryLookupSwitch.java
/home/user/Documents/apc-update/library/repos/cfr/src/org/benf/cfr/reader/bytecode/opcode/OperationFactoryMultiANewArray.java
/home/user/Documents/apc-update/library/repos/cfr/src/org/benf/cfr/reader/bytecode/analysis/opgraph/op3rewriters/LinearScannedBlock.java
/home/user/Documents/apc-update/library/repos/cfr/src/org/benf/cfr/reader/bytecode/analysis/opgraph/GraphConversionHelper.java
/home/user/Documents/apc-update/library/repos/cfr/src/org/benf/cfr/reader/entities/constantpool/ConstantPoolEntryLiteral.java
/home/user/Documents/apc-update/library/repos/cfr/src/org/benf/cfr/reader/bytecode/analysis/parse/utils/ReadWrite.java
/home/user/Documents/apc-update/library/repos/cfr/src/org/benf/cfr/reader/bytecode/analysis/parse/utils/BlockType.java
/home/user/Documents/apc-update/library/repos/cfr/src/org/benf/cfr/reader/bytecode/analysis/parse/statement/JSRCallStatement.java
/home/user/Documents/apc-update/library/repos/cfr/src/org/benf/cfr/reader/bytecode/analysis/opgraph/op4rewriters/RecordRewriter.java
/home/user/Documents/apc-update/library/repos/cfr/src/org/benf/cfr/reader/bytecode/analysis/opgraph/op4rewriters/transformers/LocalDeclarationRemover.java
/home/user/Documents/apc-update/library/repos/cfr/src/org/benf/cfr/reader/bytecode/analysis/structured/statement/StructuredSynchronized.java
/home/user/Documents/apc-update/library/repos/cfr/src/org/benf/cfr/reader/util/output/StdErrExceptionDumper.java
/home/user/Documents/apc-update/library/repos/cfr/src/org/benf/cfr/reader/bytecode/analysis/types/discovery/CastAction.java
/home/user/Documents/apc-update/library/repos/cfr/src/org/benf/cfr/reader/entities/constantpool/ConstantPoolEntryUTF8.java
/home/user/Documents/apc-update/library/repos/cfr/src/org/benf/cfr/reader/bytecode/analysis/opgraph/op3rewriters/LValueCondense.java
/home/user/Documents/apc-update/library/repos/cfr/src/org/benf/cfr/reader/util/CannotLoadClassException.java
/home/user/Documents/apc-update/library/repos/cfr/src/org/benf/cfr/reader/bytecode/analysis/parse/expression/LambdaExpressionNewArray.java
/home/user/Documents/apc-update/library/repos/cfr/src/org/benf/cfr/reader/bytecode/analysis/opgraph/op4rewriters/transformers/ControlFlowCleaningTransformer.java
/home/user/Documents/apc-update/library/repos/cfr/src/org/benf/cfr/reader/bytecode/analysis/opgraph/op4rewriters/matchutil/MatchIterator.java
/home/user/Documents/apc-update/library/repos/cfr/src/org/benf/cfr/reader/util/output/FileSummaryDumper.java
/home/user/Documents/apc-update/library/repos/cfr/src/org/benf/cfr/reader/entities/attributes/AttributeStackMapTable.java
/home/user/Documents/apc-update/library/repos/cfr/src/org/benf/cfr/reader/state/LocalClassAwareTypeUsageInformation.java
/home/user/Documents/apc-update/library/repos/cfr/src/org/benf/cfr/reader/bytecode/analysis/parse/expression/Literal.java
/home/user/Documents/apc-update/library/repos/cfr/src/org/benf/cfr/reader/entities/classfilehelpers/AbstractClassFileDumper.java
/home/user/Documents/apc-update/library/repos/cfr/src/org/benf/cfr/reader/util/output/ProgressDumperNop.java
/home/user/Documents/apc-update/library/repos/cfr/src/org/benf/cfr/reader/util/collections/UniqueSeenQueue.java
/home/user/Documents/apc-update/library/repos/cfr/src/org/benf/cfr/reader/bytecode/analysis/types/JavaGenericRefTypeInstance.java
/home/user/Documents/apc-update/library/repos/cfr/src/org/benf/cfr/reader/bytecode/analysis/opgraph/op3rewriters/SwitchReplacer.java
/home/user/Documents/apc-update/library/repos/cfr/src/org/benf/cfr/reader/util/output/TypeContext.java
/home/user/Documents/apc-update/library/repos/cfr/src/org/benf/cfr/reader/entities/classfilehelpers/ClassFileDumperNormal.java
/home/user/Documents/apc-update/library/repos/cfr/src/org/benf/cfr/reader/entities/attributes/AttributeEnclosingMethod.java
/home/user/Documents/apc-update/library/repos/cfr/src/org/benf/cfr/reader/bytecode/analysis/opgraph/op3rewriters/WhileRewriter.java
/home/user/Documents/apc-update/library/repos/cfr/src/org/benf/cfr/reader/bytecode/analysis/structured/statement/UnstructuredTry.java
/home/user/Documents/apc-update/library/repos/cfr/src/org/benf/cfr/reader/entities/attributes/TypePathPartNested.java
/home/user/Documents/apc-update/library/repos/cfr/src/org/benf/cfr/reader/bytecode/analysis/opgraph/op4rewriters/transformers/NakedNullCaster.java
/home/user/Documents/apc-update/library/repos/cfr/src/org/benf/cfr/reader/bytecode/analysis/opgraph/op3rewriters/SwitchUtils.java
/home/user/Documents/apc-update/library/repos/cfr/src/org/benf/cfr/reader/bytecode/analysis/opgraph/op3rewriters/LoopIdentifier.java
/home/user/Documents/apc-update/library/repos/cfr/src/org/benf/cfr/reader/bytecode/analysis/parse/expression/BooleanExpression.java
/home/user/Documents/apc-update/library/repos/cfr/src/org/benf/cfr/reader/bytecode/analysis/parse/rewriters/ExplicitTypeCallRewriter.java
/home/user/Documents/apc-update/library/repos/cfr/src/org/benf/cfr/reader/state/ClassNameFunction.java
/home/user/Documents/apc-update/library/repos/cfr/src/org/benf/cfr/reader/util/DecompilerComment.java
/home/user/Documents/apc-update/library/repos/cfr/src/org/benf/cfr/reader/bytecode/analysis/types/GenericTypeBinder.java
/home/user/Documents/apc-update/library/repos/cfr/src/org/benf/cfr/reader/entities/constantpool/ConstantPoolEntryMethodRef.java
/home/user/Documents/apc-update/library/repos/cfr/src/org/benf/cfr/reader/entities/constantpool/ConstantPoolEntryModuleInfo.java
/home/user/Documents/apc-update/library/repos/cfr/src/org/benf/cfr/reader/util/output/Dumper.java
/home/user/Documents/apc-update/library/repos/cfr/src/org/benf/cfr/reader/bytecode/analysis/opgraph/Op02WithProcessedDataAndRefs.java
/home/user/Documents/apc-update/library/repos/cfr/src/org/benf/cfr/reader/bytecode/analysis/parse/statement/AssignmentPreMutation.java
/home/user/Documents/apc-update/library/repos/cfr/src/org/benf/cfr/reader/util/output/DelegatingDumper.java
/home/user/Documents/apc-update/library/repos/cfr/src/org/benf/cfr/reader/bytecode/analysis/opgraph/op3rewriters/RemoveDeterministicJumps.java
/home/user/Documents/apc-update/library/repos/cfr/src/org/benf/cfr/reader/bytecode/analysis/opgraph/op4rewriters/transformers/TryResourcesCollapser.java
/home/user/Documents/apc-update/library/repos/cfr/src/org/benf/cfr/reader/bytecode/analysis/types/InnerClassInfo.java
/home/user/Documents/apc-update/library/repos/cfr/src/org/benf/cfr/reader/state/AbstractTypeUsageCollector.java
/home/user/Documents/apc-update/library/repos/cfr/src/org/benf/cfr/reader/bytecode/analysis/parse/expression/LambdaExpression.java
/home/user/Documents/apc-update/library/repos/cfr/src/org/benf/cfr/reader/util/output/SinkDumperFactory.java
/home/user/Documents/apc-update/library/repos/cfr/src/org/benf/cfr/reader/bytecode/analysis/structured/statement/StructuredBreak.java
/home/user/Documents/apc-update/library/repos/cfr/src/org/benf/cfr/reader/bytecode/analysis/parse/wildcard/OptionalMatch.java
/home/user/Documents/apc-update/library/repos/cfr/src/org/benf/cfr/reader/bytecode/analysis/parse/expression/MethodHandlePlaceholder.java
/home/user/Documents/apc-update/library/repos/cfr/src/org/benf/cfr/reader/bytecode/analysis/opgraph/op4rewriters/EnumClassRewriter.java
/home/user/Documents/apc-update/library/repos/cfr/src/org/benf/cfr/reader/bytecode/analysis/opgraph/op3rewriters/NullTypedLValueRewriter.java
/home/user/Documents/apc-update/library/repos/cfr/src/org/benf/cfr/reader/bytecode/opcode/OperationFactoryReturn.java
/home/user/Documents/apc-update/library/repos/cfr/src/org/benf/cfr/reader/bytecode/analysis/parse/expression/LValueExpression.java
/home/user/Documents/apc-update/library/repos/cfr/src/org/benf/cfr/reader/bytecode/analysis/opgraph/Op04StructuredStatement.java
/home/user/Documents/apc-update/library/repos/cfr/src/org/benf/cfr/reader/bytecode/analysis/opgraph/op3rewriters/ConditionalRewriter.java
/home/user/Documents/apc-update/library/repos/cfr/src/org/benf/cfr/reader/bytecode/analysis/structured/statement/StructuredDefinition.java
/home/user/Documents/apc-update/library/repos/cfr/src/org/benf/cfr/reader/bytecode/analysis/opgraph/op3rewriters/PrePostchangeAssignmentRewriter.java
/home/user/Documents/apc-update/library/repos/cfr/src/org/benf/cfr/reader/state/ClassFileSourceImpl.java
/home/user/Documents/apc-update/library/repos/cfr/src/org/benf/cfr/reader/entities/attributes/AttributeInnerClasses.java
/home/user/Documents/apc-update/library/repos/cfr/src/org/benf/cfr/reader/bytecode/analysis/parse/utils/SSAIdent.java
/home/user/Documents/apc-update/library/repos/cfr/src/org/benf/cfr/reader/bytecode/analysis/parse/statement/Nop.java
/home/user/Documents/apc-update/library/repos/cfr/src/org/benf/cfr/reader/bytecode/analysis/parse/statement/IfExitingStatement.java
/home/user/Documents/apc-update/library/repos/cfr/src/org/benf/cfr/reader/bytecode/analysis/parse/expression/NewObjectArray.java
/home/user/Documents/apc-update/library/repos/cfr/src/org/benf/cfr/reader/util/collections/StackFactory.java
/home/user/Documents/apc-update/library/repos/cfr/src/org/benf/cfr/reader/bytecode/analysis/structured/statement/placeholder/AbstractPlaceholder.java
/home/user/Documents/apc-update/library/repos/cfr/src/org/benf/cfr/reader/bytecode/analysis/types/MiscAnnotations.java
/home/user/Documents/apc-update/library/repos/cfr/src/org/benf/cfr/reader/bytecode/analysis/types/DeclarationAnnotationHelper.java
/home/user/Documents/apc-update/library/repos/cfr/src/org/benf/cfr/reader/bytecode/analysis/structured/statement/StructuredWhile.java
/home/user/Documents/apc-update/library/repos/cfr/src/org/benf/cfr/reader/bytecode/analysis/parse/utils/scope/LValueScopeDiscoverImpl.java
/home/user/Documents/apc-update/library/repos/cfr/src/org/benf/cfr/reader/bytecode/analysis/parse/utils/ComparableUnderEC.java
/home/user/Documents/apc-update/library/repos/cfr/src/org/benf/cfr/reader/bytecode/analysis/opgraph/op3rewriters/AnonymousBlocks.java
/home/user/Documents/apc-update/library/repos/cfr/src/org/benf/cfr/reader/bytecode/analysis/opgraph/op3rewriters/ConditionalCondenser.java
/home/user/Documents/apc-update/library/repos/cfr/src/org/benf/cfr/reader/bytecode/analysis/stack/StackEntryHolder.java
/home/user/Documents/apc-update/library/repos/cfr/src/org/benf/cfr/reader/entities/annotations/AnnotationTableEntry.java
/home/user/Documents/apc-update/library/repos/cfr/src/org/benf/cfr/reader/bytecode/analysis/parse/utils/Pair.java
/home/user/Documents/apc-update/library/repos/cfr/src/org/benf/cfr/reader/mapping/FieldMapping.java
/home/user/Documents/apc-update/library/repos/cfr/src/org/benf/cfr/reader/bytecode/analysis/opgraph/op4rewriters/EnumAllSuperRewriter.java
/home/user/Documents/apc-update/library/repos/cfr/target/generated-sources/java-templates/org/benf/cfr/reader/util/CfrVersionInfo.java
/home/user/Documents/apc-update/library/repos/cfr/src/org/benf/cfr/reader/entities/attributes/AttributeScala.java
/home/user/Documents/apc-update/library/repos/cfr/src/org/benf/cfr/reader/bytecode/analysis/parse/expression/ArithmeticOperation.java
/home/user/Documents/apc-update/library/repos/cfr/src/org/benf/cfr/reader/bytecode/analysis/parse/utils/CreationCollector.java
/home/user/Documents/apc-update/library/repos/cfr/src/org/benf/cfr/reader/bytecode/analysis/parse/expression/AbstractConstructorInvokation.java
/home/user/Documents/apc-update/library/repos/cfr/src/org/benf/cfr/reader/entities/classfilehelpers/ClassFileDumper.java
/home/user/Documents/apc-update/library/repos/cfr/src/org/benf/cfr/reader/bytecode/analysis/parse/expression/StackValue.java
/home/user/Documents/apc-update/library/repos/cfr/src/org/benf/cfr/reader/bytecode/analysis/opgraph/op4rewriters/InstanceofMatchTidyingRewriter.java
/home/user/Documents/apc-update/library/repos/cfr/src/org/benf/cfr/reader/bytecode/analysis/opgraph/op3rewriters/ReturnRewriter.java
/home/user/Documents/apc-update/library/repos/cfr/src/org/benf/cfr/reader/state/ClassNameFunctionCase.java
/home/user/Documents/apc-update/library/repos/cfr/src/org/benf/cfr/reader/entities/constantpool/ConstantPoolEntryDynamicInfo.java
/home/user/Documents/apc-update/library/repos/cfr/src/org/benf/cfr/reader/bytecode/analysis/opgraph/op3rewriters/DeadConditionalRemover.java
/home/user/Documents/apc-update/library/repos/cfr/src/org/benf/cfr/reader/bytecode/analysis/structured/statement/AbstractUnStructuredStatement.java
/home/user/Documents/apc-update/library/repos/cfr/src/org/benf/cfr/reader/bytecode/analysis/opgraph/op3rewriters/CondenseConstruction.java
/home/user/Documents/apc-update/library/repos/cfr/src/org/benf/cfr/reader/bytecode/analysis/loc/BytecodeLocFactory.java
/home/user/Documents/apc-update/library/repos/cfr/src/org/benf/cfr/reader/api/CfrDriver.java
/home/user/Documents/apc-update/library/repos/cfr/src/org/benf/cfr/reader/entities/annotations/AnnotationTableTypeEntry.java
/home/user/Documents/apc-update/library/repos/cfr/src/org/benf/cfr/reader/bytecode/analysis/opgraph/op3rewriters/BreakRewriter.java
/home/user/Documents/apc-update/library/repos/cfr/src/org/benf/cfr/reader/bytecode/analysis/opgraph/op4rewriters/transformers/StructuredStatementTransformer.java
/home/user/Documents/apc-update/library/repos/cfr/src/org/benf/cfr/reader/bytecode/analysis/structured/expression/StructuredStatementExpression.java
/home/user/Documents/apc-update/library/repos/cfr/src/org/benf/cfr/reader/util/output/InternalDumperFactoryImpl.java
/home/user/Documents/apc-update/library/repos/cfr/src/org/benf/cfr/reader/bytecode/analysis/opgraph/op3rewriters/ExactTypeFilter.java
/home/user/Documents/apc-update/library/repos/cfr/src/org/benf/cfr/reader/entities/attributes/AttributeBootstrapMethods.java
/home/user/Documents/apc-update/library/repos/cfr/src/org/benf/cfr/reader/bytecode/analysis/parse/expression/ArithmeticPreMutationOperation.java
/home/user/Documents/apc-update/library/repos/cfr/src/org/benf/cfr/reader/bytecode/analysis/structured/statement/placeholder/BeginBlock.java
/home/user/Documents/apc-update/library/repos/cfr/src/org/benf/cfr/reader/util/output/StreamDumper.java
/home/user/Documents/apc-update/library/repos/cfr/src/org/benf/cfr/reader/bytecode/analysis/opgraph/op4rewriters/AssertRewriter.java
/home/user/Documents/apc-update/library/repos/cfr/src/org/benf/cfr/reader/entities/annotations/ElementValue.java
/home/user/Documents/apc-update/library/repos/cfr/src/org/benf/cfr/reader/bytecode/analysis/opgraph/op3rewriters/ClassifyGotos.java
/home/user/Documents/apc-update/library/repos/cfr/src/org/benf/cfr/reader/bytecode/opcode/OperationFactoryInvokeInterface.java
/home/user/Documents/apc-update/library/repos/cfr/src/org/benf/cfr/reader/bytecode/analysis/types/annotated/JavaAnnotatedTypeInstance.java
/home/user/Documents/apc-update/library/repos/cfr/src/org/benf/cfr/reader/bytecode/analysis/parse/expression/AbstractMutatingAssignmentExpression.java
/home/user/Documents/apc-update/library/repos/cfr/src/org/benf/cfr/reader/bytecode/analysis/opgraph/op4rewriters/SyntheticOuterRefRewriter.java
/home/user/Documents/apc-update/library/repos/cfr/src/org/benf/cfr/reader/bytecode/analysis/opgraph/op4rewriters/ClashDeclarationReducer.java
/home/user/Documents/apc-update/library/repos/cfr/src/org/benf/cfr/reader/bytecode/analysis/parse/utils/LValueRewriter.java
/home/user/Documents/apc-update/library/repos/cfr/src/org/benf/cfr/reader/bytecode/analysis/opgraph/op4rewriters/SwitchExpressionRewriter.java
/home/user/Documents/apc-update/library/repos/cfr/src/org/benf/cfr/reader/bytecode/analysis/structured/statement/AbstractStructuredBlockStatement.java
/home/user/Documents/apc-update/library/repos/cfr/src/org/benf/cfr/reader/util/functors/UnaryFunction.java
/home/user/Documents/apc-update/library/repos/cfr/src/org/benf/cfr/reader/bytecode/analysis/parse/StatementContainer.java
/home/user/Documents/apc-update/library/repos/cfr/src/org/benf/cfr/reader/entities/attributes/AttributeRuntimeInvisibleParameterAnnotations.java
/home/user/Documents/apc-update/library/repos/cfr/src/org/benf/cfr/reader/entities/attributes/AttributeSourceFile.java
/home/user/Documents/apc-update/library/repos/cfr/src/org/benf/cfr/reader/bytecode/analysis/loc/BytecodeLocFactoryStub.java
/home/user/Documents/apc-update/library/repos/cfr/src/org/benf/cfr/reader/bytecode/analysis/opgraph/op3rewriters/Misc.java
/home/user/Documents/apc-update/library/repos/cfr/src/org/benf/cfr/reader/entities/attributes/AttributeDeprecated.java
/home/user/Documents/apc-update/library/repos/cfr/src/org/benf/cfr/reader/util/TypeUsageCollectable.java
/home/user/Documents/apc-update/library/repos/cfr/src/org/benf/cfr/reader/bytecode/analysis/opgraph/op3rewriters/JumpsIntoDoRewriter.java
/home/user/Documents/apc-update/library/repos/cfr/src/org/benf/cfr/reader/bytecode/analysis/opgraph/op2rewriters/GetClassTest.java
/home/user/Documents/apc-update/library/repos/cfr/src/org/benf/cfr/reader/bytecode/analysis/structured/statement/AbstractStructuredStatement.java
/home/user/Documents/apc-update/library/repos/cfr/src/org/benf/cfr/reader/entities/attributes/AttributeCode.java
/home/user/Documents/apc-update/library/repos/cfr/src/org/benf/cfr/reader/bytecode/analysis/opgraph/op4rewriters/transformers/TryResourcesTransformerJ12.java
/home/user/Documents/apc-update/library/repos/cfr/src/org/benf/cfr/reader/util/MalformedPrototypeException.java
/home/user/Documents/apc-update/library/repos/cfr/src/org/benf/cfr/reader/util/collections/SetFactory.java
/home/user/Documents/apc-update/library/repos/cfr/src/org/benf/cfr/reader/bytecode/analysis/parse/rewriters/ExpressionRewriter.java
/home/user/Documents/apc-update/library/repos/cfr/src/org/benf/cfr/reader/entities/attributes/AttributeModulePackages.java
/home/user/Documents/apc-update/library/repos/cfr/src/org/benf/cfr/reader/bytecode/opcode/OperationFactoryPutField.java
/home/user/Documents/apc-update/library/repos/cfr/src/org/benf/cfr/reader/bytecode/opcode/OperationFactoryThrow.java
/home/user/Documents/apc-update/library/repos/cfr/src/org/benf/cfr/reader/bytecode/analysis/parse/utils/DefaultEquivalenceConstraint.java
/home/user/Documents/apc-update/library/repos/cfr/src/org/benf/cfr/reader/bytecode/analysis/parse/expression/rewriteinterface/BoxingProcessor.java
/home/user/Documents/apc-update/library/repos/cfr/src/org/benf/cfr/reader/bytecode/analysis/structured/statement/UnstructuredDo.java
/home/user/Documents/apc-update/library/repos/cfr/src/org/benf/cfr/reader/util/functors/NonaryFunction.java
/home/user/Documents/apc-update/library/repos/cfr/src/org/benf/cfr/reader/bytecode/opcode/OperationFactoryCPEntry.java
/home/user/Documents/apc-update/library/repos/cfr/src/org/benf/cfr/reader/bytecode/analysis/opgraph/op4rewriters/matchutil/MatchSequence.java
/home/user/Documents/apc-update/library/repos/cfr/src/org/benf/cfr/reader/entities/annotations/ElementValueEnum.java
/home/user/Documents/apc-update/library/repos/cfr/src/org/benf/cfr/reader/bytecode/analysis/opgraph/op4rewriters/checker/LooseCatchChecker.java
/home/user/Documents/apc-update/library/repos/cfr/src/org/benf/cfr/reader/bytecode/opcode/OperationFactoryDupX2.java
/home/user/Documents/apc-update/library/repos/cfr/src/org/benf/cfr/reader/entities/Field.java
/home/user/Documents/apc-update/library/repos/cfr/src/org/benf/cfr/reader/package-info.java
/home/user/Documents/apc-update/library/repos/cfr/src/org/benf/cfr/reader/bytecode/opcode/OperationFactoryPutStatic.java
/home/user/Documents/apc-update/library/repos/cfr/src/org/benf/cfr/reader/bytecode/analysis/parse/statement/CatchStatement.java
/home/user/Documents/apc-update/library/repos/cfr/src/org/benf/cfr/reader/bytecode/analysis/loc/BytecodeLocSpecific.java
/home/user/Documents/apc-update/library/repos/cfr/src/org/benf/cfr/reader/bytecode/analysis/structured/statement/StructuredCase.java
/home/user/Documents/apc-update/library/repos/cfr/src/org/benf/cfr/reader/bytecode/analysis/structured/statement/StructuredAssert.java
/home/user/Documents/apc-update/library/repos/cfr/src/org/benf/cfr/reader/entities/classfilehelpers/OverloadMethodSet.java
/home/user/Documents/apc-update/library/repos/cfr/src/org/benf/cfr/reader/bytecode/analysis/parse/expression/LambdaExpressionFallback.java
/home/user/Documents/apc-update/library/repos/cfr/src/org/benf/cfr/reader/bytecode/analysis/parse/expression/CompOp.java
/home/user/Documents/apc-update/library/repos/cfr/src/org/benf/cfr/reader/bytecode/analysis/variables/NamedVariable.java
/home/user/Documents/apc-update/library/repos/cfr/src/org/benf/cfr/reader/bytecode/analysis/parse/expression/BooleanOperation.java
/home/user/Documents/apc-update/library/repos/cfr/src/org/benf/cfr/reader/bytecode/analysis/opgraph/op3rewriters/PushThroughGoto.java
/home/user/Documents/apc-update/library/repos/cfr/src/org/benf/cfr/reader/bytecode/opcode/OperationFactoryDup2X1.java
/home/user/Documents/apc-update/library/repos/cfr/src/org/benf/cfr/reader/bytecode/analysis/structured/statement/Block.java
/home/user/Documents/apc-update/library/repos/cfr/src/org/benf/cfr/reader/bytecode/analysis/parse/wildcard/Wildcard.java
/home/user/Documents/apc-update/library/repos/cfr/src/org/benf/cfr/reader/bytecode/analysis/opgraph/op2rewriters/TypeHintRecovery.java
/home/user/Documents/apc-update/library/repos/cfr/src/org/benf/cfr/reader/util/BoolPair.java
/home/user/Documents/apc-update/library/repos/cfr/src/org/benf/cfr/reader/bytecode/opcode/DecodedSwitchEntry.java
/home/user/Documents/apc-update/library/repos/cfr/src/org/benf/cfr/reader/bytecode/analysis/opgraph/op4rewriters/ExpressionReplacingRewriter.java
/home/user/Documents/apc-update/library/repos/cfr/src/org/benf/cfr/reader/bytecode/analysis/parse/lvalue/AbstractFieldVariable.java
/home/user/Documents/apc-update/library/repos/cfr/src/org/benf/cfr/reader/entities/attributes/AttributeLocalVariableTypeTable.java
/home/user/Documents/apc-update/library/repos/cfr/src/org/benf/cfr/reader/bytecode/analysis/structured/statement/StructuredIter.java
/home/user/Documents/apc-update/library/repos/cfr/src/org/benf/cfr/reader/state/TypeUsageCollectingDumper.java
/home/user/Documents/apc-update/library/repos/cfr/src/org/benf/cfr/reader/entities/FakeMethod.java
/home/user/Documents/apc-update/library/repos/cfr/src/org/benf/cfr/reader/state/TypeUsageCollector.java
/home/user/Documents/apc-update/library/repos/cfr/src/org/benf/cfr/reader/bytecode/analysis/loc/BytecodeLocSet.java
/home/user/Documents/apc-update/library/repos/cfr/src/org/benf/cfr/reader/util/getopt/OptionDecoder.java
/home/user/Documents/apc-update/library/repos/cfr/src/org/benf/cfr/reader/bytecode/analysis/opgraph/op3rewriters/LoopLivenessClash.java
/home/user/Documents/apc-update/library/repos/cfr/src/org/benf/cfr/reader/bytecode/analysis/parse/statement/MonitorEnterStatement.java
/home/user/Documents/apc-update/library/repos/cfr/src/org/benf/cfr/reader/bytecode/analysis/parse/statement/ConstructorStatement.java
/home/user/Documents/apc-update/library/repos/cfr/src/org/benf/cfr/reader/bytecode/analysis/parse/lvalue/LocalVariable.java
/home/user/Documents/apc-update/library/repos/cfr/src/org/benf/cfr/reader/bytecode/analysis/opgraph/op4rewriters/SyntheticAccessorRewriter.java
/home/user/Documents/apc-update/library/repos/cfr/src/org/benf/cfr/reader/bytecode/analysis/parse/Statement.java
/home/user/Documents/apc-update/library/repos/cfr/src/org/benf/cfr/reader/bytecode/analysis/opgraph/op4rewriters/EnumSuperRewriter.java
/home/user/Documents/apc-update/library/repos/cfr/src/org/benf/cfr/reader/bytecode/analysis/opgraph/op3rewriters/LValuePropSimple.java
/home/user/Documents/apc-update/library/repos/cfr/src/org/benf/cfr/reader/bytecode/analysis/parse/lvalue/AbstractLValue.java
/home/user/Documents/apc-update/library/repos/cfr/src/org/benf/cfr/reader/entities/exceptions/ClosedIdxExceptionEntry.java
/home/user/Documents/apc-update/library/repos/cfr/src/org/benf/cfr/reader/bytecode/analysis/stack/StackDeltaImpl.java
/home/user/Documents/apc-update/library/repos/cfr/src/org/benf/cfr/reader/bytecode/analysis/opgraph/op3rewriters/FinallyRewriter.java
/home/user/Documents/apc-update/library/repos/cfr/src/org/benf/cfr/reader/state/DCCommonState.java
/home/user/Documents/apc-update/library/repos/cfr/src/org/benf/cfr/reader/entities/attributes/AttributeUnknown.java
/home/user/Documents/apc-update/library/repos/cfr/src/org/benf/cfr/reader/util/ClassFileVersion.java
/home/user/Documents/apc-update/library/repos/cfr/src/org/benf/cfr/reader/bytecode/analysis/types/WildcardType.java
/home/user/Documents/apc-update/library/repos/cfr/src/org/benf/cfr/reader/bytecode/analysis/parse/utils/BlockIdentifier.java
/home/user/Documents/apc-update/library/repos/cfr/src/org/benf/cfr/reader/entities/exceptions/ExceptionGroup.java
/home/user/Documents/apc-update/library/repos/cfr/src/org/benf/cfr/reader/bytecode/analysis/opgraph/op2rewriters/TypeHintRecoveryNone.java
/home/user/Documents/apc-update/library/repos/cfr/src/org/benf/cfr/reader/entities/exceptions/ExceptionCheckSimple.java
/home/user/Documents/apc-update/library/repos/cfr/src/org/benf/cfr/reader/util/output/TokenStreamDumper.java
/home/user/Documents/apc-update/library/repos/cfr/src/org/benf/cfr/reader/bytecode/analysis/opgraph/op4rewriters/transformers/TryResourceTransformerFinally.java
/home/user/Documents/apc-update/library/repos/cfr/src/org/benf/cfr/reader/apiunreleased/JarContent.java
/home/user/Documents/apc-update/library/repos/cfr/src/org/benf/cfr/reader/bytecode/analysis/opgraph/op3rewriters/AnonymousArray.java
/home/user/Documents/apc-update/library/repos/cfr/src/org/benf/cfr/reader/bytecode/analysis/parse/statement/FinallyStatement.java
/home/user/Documents/apc-update/library/repos/cfr/src/org/benf/cfr/reader/util/output/MethodErrorCollector.java
/home/user/Documents/apc-update/library/repos/cfr/src/org/benf/cfr/reader/bytecode/analysis/parse/utils/SSAIdentifierUtils.java
/home/user/Documents/apc-update/library/repos/cfr/src/org/benf/cfr/reader/bytecode/analysis/types/InnerClassInfoUtils.java
/home/user/Documents/apc-update/library/repos/cfr/src/org/benf/cfr/reader/bytecode/analysis/parse/expression/InstanceOfExpression.java
/home/user/Documents/apc-update/library/repos/cfr/src/org/benf/cfr/reader/util/KnowsRawSize.java
/home/user/Documents/apc-update/library/repos/cfr/src/org/benf/cfr/reader/bytecode/analysis/opgraph/op3rewriters/PointlessExpressions.java
/home/user/Documents/apc-update/library/repos/cfr/src/org/benf/cfr/reader/bytecode/analysis/structured/statement/UnstructuredFor.java
/home/user/Documents/apc-update/library/repos/cfr/src/org/benf/cfr/reader/bytecode/analysis/opgraph/InstrIndex.java
/home/user/Documents/apc-update/library/repos/cfr/src/org/benf/cfr/reader/bytecode/analysis/opgraph/op4rewriters/matchutil/KleenePlus.java
/home/user/Documents/apc-update/library/repos/cfr/src/org/benf/cfr/reader/bytecode/analysis/opgraph/op4rewriters/UnreachableStaticRewriter.java
/home/user/Documents/apc-update/library/repos/cfr/src/org/benf/cfr/reader/bytecode/analysis/parse/expression/CastExpression.java
/home/user/Documents/apc-update/library/repos/cfr/src/org/benf/cfr/reader/entities/constantpool/ConstantPoolEntryFieldRef.java
/home/user/Documents/apc-update/library/repos/cfr/src/org/benf/cfr/reader/mapping/NullMapping.java
/home/user/Documents/apc-update/library/repos/cfr/src/org/benf/cfr/reader/bytecode/analysis/structured/statement/UnstructuredCatch.java
/home/user/Documents/apc-update/library/repos/cfr/src/org/benf/cfr/reader/bytecode/analysis/opgraph/op4rewriters/transformers/VariableNameTidier.java
/home/user/Documents/apc-update/library/repos/cfr/src/org/benf/cfr/reader/bytecode/analysis/parse/statement/AbstractAssignment.java
/home/user/Documents/apc-update/library/repos/cfr/src/org/benf/cfr/reader/bytecode/analysis/parse/expression/rewriteinterface/FunctionProcessor.java
/home/user/Documents/apc-update/library/repos/cfr/src/org/benf/cfr/reader/bytecode/analysis/types/BindingSuperContainer.java
/home/user/Documents/apc-update/library/repos/cfr/src/org/benf/cfr/reader/bytecode/analysis/structured/statement/StructuredCatch.java
/home/user/Documents/apc-update/library/repos/cfr/src/org/benf/cfr/reader/bytecode/analysis/opgraph/Op03SimpleStatement.java
/home/user/Documents/apc-update/library/repos/cfr/src/org/benf/cfr/reader/bytecode/analysis/opgraph/op3rewriters/StatementEquivalenceConstraint.java
/home/user/Documents/apc-update/library/repos/cfr/src/org/benf/cfr/reader/util/functors/Predicate.java
/home/user/Documents/apc-update/library/repos/cfr/src/org/benf/cfr/reader/state/ClassCache.java
/home/user/Documents/apc-update/library/repos/cfr/src/org/benf/cfr/reader/bytecode/analysis/structured/statement/StructuredContinue.java
/home/user/Documents/apc-update/library/repos/cfr/src/org/benf/cfr/reader/bytecode/analysis/structured/statement/StructuredComment.java
/home/user/Documents/apc-update/library/repos/cfr/src/org/benf/cfr/reader/bytecode/analysis/parse/utils/finalhelp/FinallyCatchBody.java
/home/user/Documents/apc-update/library/repos/cfr/src/org/benf/cfr/reader/bytecode/analysis/opgraph/op4rewriters/transformers/TernaryCastCleaner.java
/home/user/Documents/apc-update/library/repos/cfr/src/org/benf/cfr/reader/bytecode/opcode/OperationFactoryCPEntryW.java
/home/user/Documents/apc-update/library/repos/cfr/src/org/benf/cfr/reader/bytecode/analysis/opgraph/op3rewriters/InlineDeAssigner.java
/home/user/Documents/apc-update/library/repos/cfr/src/org/benf/cfr/reader/bytecode/analysis/parse/statement/SwitchStatement.java
/home/user/Documents/apc-update/library/repos/cfr/src/org/benf/cfr/reader/bytecode/analysis/opgraph/MutableGraph.java
/home/user/Documents/apc-update/library/repos/cfr/src/org/benf/cfr/reader/entities/attributes/AttributeRuntimeVisibleAnnotations.java
/home/user/Documents/apc-update/library/repos/cfr/src/org/benf/cfr/reader/bytecode/analysis/opgraph/op4rewriters/matchutil/KleeneN.java
/home/user/Documents/apc-update/library/repos/cfr/src/org/benf/cfr/reader/bytecode/analysis/parse/utils/ConditionalUtils.java
/home/user/Documents/apc-update/library/repos/cfr/src/org/benf/cfr/reader/bytecode/analysis/opgraph/op3rewriters/Cleaner.java
/home/user/Documents/apc-update/library/repos/cfr/src/org/benf/cfr/reader/bytecode/analysis/structured/statement/StructuredExpressionStatement.java
/home/user/Documents/apc-update/library/repos/cfr/src/org/benf/cfr/reader/bytecode/analysis/parse/expression/ArithmeticMonOperation.java
/home/user/Documents/apc-update/library/repos/cfr/src/org/benf/cfr/reader/bytecode/analysis/parse/expression/SwitchExpression.java
/home/user/Documents/apc-update/library/repos/cfr/src/org/benf/cfr/reader/bytecode/analysis/parse/expression/ConstructorInvokationAnonymousInner.java
/home/user/Documents/apc-update/library/repos/cfr/src/org/benf/cfr/reader/bytecode/analysis/parse/expression/AbstractFunctionInvokationExplicit.java
/home/user/Documents/apc-update/library/repos/cfr/src/org/benf/cfr/reader/bytecode/analysis/parse/utils/SSAIdentifiers.java
/home/user/Documents/apc-update/library/repos/cfr/src/org/benf/cfr/reader/bytecode/analysis/structured/statement/UnstructuredSynchronized.java
/home/user/Documents/apc-update/library/repos/cfr/src/org/benf/cfr/reader/bytecode/analysis/types/JavaTypeInstance.java
/home/user/Documents/apc-update/library/repos/cfr/src/org/benf/cfr/reader/state/TypeUsageInformationImpl.java
/home/user/Documents/apc-update/library/repos/cfr/src/org/benf/cfr/reader/entities/attributes/AttributeAnnotations.java
/home/user/Documents/apc-update/library/repos/cfr/src/org/benf/cfr/reader/CfrDriverImpl.java
/home/user/Documents/apc-update/library/repos/cfr/src/org/benf/cfr/reader/bytecode/analysis/parse/expression/SuperFunctionInvokation.java
/home/user/Documents/apc-update/library/repos/cfr/src/org/benf/cfr/reader/entities/constantpool/ConstantPoolEntryString.java
/home/user/Documents/apc-update/library/repos/cfr/src/org/benf/cfr/reader/bytecode/opcode/OperationFactoryPop.java
/home/user/Documents/apc-update/library/repos/cfr/src/org/benf/cfr/reader/entities/annotations/ElementValueClass.java
/home/user/Documents/apc-update/library/repos/cfr/src/org/benf/cfr/reader/bytecode/analysis/parse/lvalue/ArrayVariable.java
/home/user/Documents/apc-update/library/repos/cfr/src/org/benf/cfr/reader/util/output/BytecodeDumpConsumer.java
/home/user/Documents/apc-update/library/repos/cfr/src/org/benf/cfr/reader/bytecode/analysis/parse/rewriters/StackVarToLocalRewriter.java
/home/user/Documents/apc-update/library/repos/cfr/src/org/benf/cfr/reader/bytecode/analysis/parse/statement/WhileStatement.java
/home/user/Documents/apc-update/library/repos/cfr/src/org/benf/cfr/reader/bytecode/analysis/types/BoundSuperCollector.java
/home/user/Documents/apc-update/library/repos/cfr/src/org/benf/cfr/reader/bytecode/analysis/opgraph/op4rewriters/matchutil/EmptyMatchResultCollector.java
/home/user/Documents/apc-update/library/repos/cfr/src/org/benf/cfr/reader/bytecode/analysis/parse/statement/JSRRetStatement.java
/home/user/Documents/apc-update/library/repos/cfr/src/org/benf/cfr/reader/util/functors/BinaryProcedure.java
/home/user/Documents/apc-update/library/repos/cfr/src/org/benf/cfr/reader/bytecode/analysis/parse/expression/DynamicInvokation.java
/home/user/Documents/apc-update/library/repos/cfr/src/org/benf/cfr/reader/bytecode/analysis/parse/rewriters/DeepCloneable.java
/home/user/Documents/apc-update/library/repos/cfr/src/org/benf/cfr/reader/util/output/SinkSummaryDumper.java
/home/user/Documents/apc-update/library/repos/cfr/src/org/benf/cfr/reader/mapping/ObfuscationMapping.java
/home/user/Documents/apc-update/library/repos/cfr/src/org/benf/cfr/reader/entities/annotations/ElementValueConst.java
/home/user/Documents/apc-update/library/repos/cfr/src/org/benf/cfr/reader/util/output/AbstractDumper.java
/home/user/Documents/apc-update/library/repos/cfr/src/org/benf/cfr/reader/bytecode/analysis/opgraph/op2rewriters/GetClassTestLambda.java
/home/user/Documents/apc-update/library/repos/cfr/src/org/benf/cfr/reader/util/KnowsRawName.java
/home/user/Documents/apc-update/library/repos/cfr/src/org/benf/cfr/reader/bytecode/analysis/parse/expression/ArrayLength.java
/home/user/Documents/apc-update/library/repos/cfr/src/org/benf/cfr/reader/bytecode/analysis/opgraph/op4rewriters/PrimitiveBoxingRewriter.java
/home/user/Documents/apc-update/library/repos/cfr/src/org/benf/cfr/reader/bytecode/analysis/opgraph/Op01WithProcessedDataAndByteJumps.java
/home/user/Documents/apc-update/library/repos/cfr/src/org/benf/cfr/reader/util/output/Dumpable.java
/home/user/Documents/apc-update/library/repos/cfr/src/org/benf/cfr/reader/bytecode/opcode/OperationFactoryDefault.java
/home/user/Documents/apc-update/library/repos/cfr/src/org/benf/cfr/reader/bytecode/analysis/parse/rewriters/CloneHelper.java
/home/user/Documents/apc-update/library/repos/cfr/src/org/benf/cfr/reader/state/TypeUsageInformation.java
/home/user/Documents/apc-update/library/repos/cfr/src/org/benf/cfr/reader/entities/constantpool/ConstantPoolEntryMethodType.java
/home/user/Documents/apc-update/library/repos/cfr/src/org/benf/cfr/reader/entities/attributes/AttributeRuntimeInvisibleAnnotations.java
/home/user/Documents/apc-update/library/repos/cfr/src/org/benf/cfr/reader/bytecode/analysis/parse/statement/TryStatement.java
/home/user/Documents/apc-update/library/repos/cfr/src/org/benf/cfr/reader/entities/classfilehelpers/ClassFileDumperInterface.java
/home/user/Documents/apc-update/library/repos/cfr/src/org/benf/cfr/reader/bytecode/analysis/opgraph/op3rewriters/EclipseLoops.java
/home/user/Documents/apc-update/library/repos/cfr/src/org/benf/cfr/reader/bytecode/opcode/DecodedLookupSwitch.java
/home/user/Documents/apc-update/library/repos/cfr/src/org/benf/cfr/reader/bytecode/analysis/types/JavaGenericPlaceholderTypeInstance.java
/home/user/Documents/apc-update/library/repos/cfr/src/org/benf/cfr/reader/bytecode/analysis/opgraph/op3rewriters/MonitorRewriter.java
/home/user/Documents/apc-update/library/repos/cfr/src/org/benf/cfr/reader/bytecode/analysis/structured/statement/StructuredDo.java
/home/user/Documents/apc-update/library/repos/cfr/src/org/benf/cfr/reader/bytecode/analysis/parse/statement/GotoStatement.java
/home/user/Documents/apc-update/library/repos/cfr/src/org/benf/cfr/reader/bytecode/opcode/OperationFactoryLDC.java
/home/user/Documents/apc-update/library/repos/cfr/src/org/benf/cfr/reader/bytecode/analysis/parse/utils/scope/LValueScopeDiscoverer.java
/home/user/Documents/apc-update/library/repos/cfr/src/org/benf/cfr/reader/bytecode/analysis/opgraph/op4rewriters/transformers/PreconditionAssertRewriter.java
/home/user/Documents/apc-update/library/repos/cfr/src/org/benf/cfr/reader/bytecode/analysis/structured/statement/StructuredExpressionYield.java
/home/user/Documents/apc-update/library/repos/cfr/src/org/benf/cfr/reader/bytecode/analysis/opgraph/op4rewriters/LambdaRewriter.java
/home/user/Documents/apc-update/library/repos/cfr/src/org/benf/cfr/reader/bytecode/analysis/parse/utils/LValueAssignmentCollector.java
/home/user/Documents/apc-update/library/repos/cfr/src/org/benf/cfr/reader/entities/attributes/TypePathPart.java
/home/user/Documents/apc-update/library/repos/cfr/src/org/benf/cfr/reader/bytecode/analysis/opgraph/op4rewriters/FakeMethodRewriter.java
/home/user/Documents/apc-update/library/repos/cfr/src/org/benf/cfr/reader/bytecode/analysis/parse/utils/scope/AbstractLValueScopeDiscoverer.java
/home/user/Documents/apc-update/library/repos/cfr/src/org/benf/cfr/reader/util/bytestream/OffsettingBackedByteData.java
/home/user/Documents/apc-update/library/repos/cfr/src/org/benf/cfr/reader/bytecode/opcode/OperationFactoryInvoke.java
/home/user/Documents/apc-update/library/repos/cfr/src/org/benf/cfr/reader/util/output/FileDumper.java
/home/user/Documents/apc-update/library/repos/cfr/src/org/benf/cfr/reader/bytecode/analysis/variables/Keywords.java
/home/user/Documents/apc-update/library/repos/cfr/src/org/benf/cfr/reader/bytecode/analysis/structured/statement/UnstructuredAnonBreakTarget.java
